#-----------------------------------------------------------
# Vivado v2017.4 (64-bit)
# SW Build 2086221 on Fri Dec 15 20:55:39 MST 2017
# IP Build 2085800 on Fri Dec 15 22:25:07 MST 2017
# Start of session at: Thu Jul 18 19:06:20 2024
# Process ID: 268844
# Current directory: C:/Users/DELL/Desktop/CW4.team/adc_8channel
# Command line: vivado.exe -gui_launcher_event rodinguilauncherevent266556 C:\Users\DELL\Desktop\CW4.team\adc_8channel\adc_8channel.xpr
# Log file: C:/Users/DELL/Desktop/CW4.team/adc_8channel/vivado.log
# Journal file: C:/Users/DELL/Desktop/CW4.team/adc_8channel\vivado.jou
#-----------------------------------------------------------
start_gui
open_project C:/Users/DELL/Desktop/CW4.team/adc_8channel/adc_8channel.xpr
update_compile_order -fileset sources_1
open_hw
connect_hw_server
open_hw_target
set_property PROGRAM.FILE {C:/Users/DELL/Desktop/CW4.team/adc_8channel/adc_8channel.runs/impl_1/top.bit} [get_hw_devices xcku040_0]
set_property PROBES.FILE {C:/Users/DELL/Desktop/CW4.team/adc_8channel/adc_8channel.runs/impl_1/top.ltx} [get_hw_devices xcku040_0]
set_property FULL_PROBES.FILE {C:/Users/DELL/Desktop/CW4.team/adc_8channel/adc_8channel.runs/impl_1/top.ltx} [get_hw_devices xcku040_0]
current_hw_device [get_hw_devices xcku040_0]
refresh_hw_device [lindex [get_hw_devices xcku040_0] 0]
set_property PROBES.FILE {C:/Users/DELL/Desktop/CW4.team/adc_8channel/adc_8channel.runs/impl_1/top.ltx} [get_hw_devices xcku040_0]
set_property FULL_PROBES.FILE {C:/Users/DELL/Desktop/CW4.team/adc_8channel/adc_8channel.runs/impl_1/top.ltx} [get_hw_devices xcku040_0]
set_property PROGRAM.FILE {C:/Users/DELL/Desktop/CW4.team/adc_8channel/adc_8channel.runs/impl_1/top.bit} [get_hw_devices xcku040_0]
program_hw_devices [get_hw_devices xcku040_0]
refresh_hw_device [lindex [get_hw_devices xcku040_0] 0]
display_hw_ila_data [ get_hw_ila_data hw_ila_data_1 -of_objects [get_hw_ilas -of_objects [get_hw_devices xcku040_0] -filter {CELL_NAME=~"data/adc_A_data_package/uut_3"}]]
display_hw_ila_data [ get_hw_ila_data hw_ila_data_2 -of_objects [get_hw_ilas -of_objects [get_hw_devices xcku040_0] -filter {CELL_NAME=~"data/adc_A_data_sample/uut_0"}]]
display_hw_ila_data [ get_hw_ila_data hw_ila_data_3 -of_objects [get_hw_ilas -of_objects [get_hw_devices xcku040_0] -filter {CELL_NAME=~"data/adc_B_data_package/uut_3"}]]
display_hw_ila_data [ get_hw_ila_data hw_ila_data_4 -of_objects [get_hw_ilas -of_objects [get_hw_devices xcku040_0] -filter {CELL_NAME=~"data/adc_B_data_sample/uut_0"}]]
display_hw_ila_data [ get_hw_ila_data hw_ila_data_5 -of_objects [get_hw_ilas -of_objects [get_hw_devices xcku040_0] -filter {CELL_NAME=~"data/adc_C_data_package/uut_3"}]]
display_hw_ila_data [ get_hw_ila_data hw_ila_data_6 -of_objects [get_hw_ilas -of_objects [get_hw_devices xcku040_0] -filter {CELL_NAME=~"data/adc_C_data_sample/uut_0"}]]
display_hw_ila_data [ get_hw_ila_data hw_ila_data_7 -of_objects [get_hw_ilas -of_objects [get_hw_devices xcku040_0] -filter {CELL_NAME=~"data/adc_D_data_package/uut_3"}]]
display_hw_ila_data [ get_hw_ila_data hw_ila_data_8 -of_objects [get_hw_ilas -of_objects [get_hw_devices xcku040_0] -filter {CELL_NAME=~"data/adc_D_data_sample/uut_0"}]]
display_hw_ila_data [ get_hw_ila_data hw_ila_data_9 -of_objects [get_hw_ilas -of_objects [get_hw_devices xcku040_0] -filter {CELL_NAME=~"data/adc_E_data_package/uut_3"}]]
display_hw_ila_data [ get_hw_ila_data hw_ila_data_10 -of_objects [get_hw_ilas -of_objects [get_hw_devices xcku040_0] -filter {CELL_NAME=~"data/adc_E_data_sample/uut_0"}]]
display_hw_ila_data [ get_hw_ila_data hw_ila_data_11 -of_objects [get_hw_ilas -of_objects [get_hw_devices xcku040_0] -filter {CELL_NAME=~"data/adc_F_data_package/uut_3"}]]
display_hw_ila_data [ get_hw_ila_data hw_ila_data_12 -of_objects [get_hw_ilas -of_objects [get_hw_devices xcku040_0] -filter {CELL_NAME=~"data/adc_F_data_sample/uut_0"}]]
display_hw_ila_data [ get_hw_ila_data hw_ila_data_13 -of_objects [get_hw_ilas -of_objects [get_hw_devices xcku040_0] -filter {CELL_NAME=~"data/adc_G_data_package/uut_3"}]]
display_hw_ila_data [ get_hw_ila_data hw_ila_data_14 -of_objects [get_hw_ilas -of_objects [get_hw_devices xcku040_0] -filter {CELL_NAME=~"data/adc_G_data_sample/uut_0"}]]
display_hw_ila_data [ get_hw_ila_data hw_ila_data_15 -of_objects [get_hw_ilas -of_objects [get_hw_devices xcku040_0] -filter {CELL_NAME=~"data/adc_H_data_package/uut_3"}]]
display_hw_ila_data [ get_hw_ila_data hw_ila_data_16 -of_objects [get_hw_ilas -of_objects [get_hw_devices xcku040_0] -filter {CELL_NAME=~"data/adc_H_data_sample/uut_0"}]]
display_hw_ila_data [ get_hw_ila_data hw_ila_data_17 -of_objects [get_hw_ilas -of_objects [get_hw_devices xcku040_0] -filter {CELL_NAME=~"data/uut_1"}]]
run_hw_ila [get_hw_ilas -of_objects [get_hw_devices xcku040_0] -filter {CELL_NAME=~"data/adc_A_data_package/uut_3"}]
wait_on_hw_ila [get_hw_ilas -of_objects [get_hw_devices xcku040_0] -filter {CELL_NAME=~"data/adc_A_data_package/uut_3"}]
display_hw_ila_data [upload_hw_ila_data [get_hw_ilas -of_objects [get_hw_devices xcku040_0] -filter {CELL_NAME=~"data/adc_A_data_package/uut_3"}]]
reset_run synth_1
launch_runs impl_1 -to_step write_bitstream -jobs 22
wait_on_run impl_1
run_hw_ila [get_hw_ilas -of_objects [get_hw_devices xcku040_0] -filter {CELL_NAME=~"data/uut_1"}]
reset_run impl_1
set_property -dict [list CONFIG.C_NUM_OF_PROBES {9}] [get_ips ila_1]
generate_target all [get_files  C:/Users/DELL/Desktop/CW4.team/adc_8channel/adc_8channel.srcs/sources_1/ip/ila_1/ila_1.xci]
catch { config_ip_cache -export [get_ips -all ila_1] }
export_ip_user_files -of_objects [get_files C:/Users/DELL/Desktop/CW4.team/adc_8channel/adc_8channel.srcs/sources_1/ip/ila_1/ila_1.xci] -no_script -sync -force -quiet
reset_run ila_1_synth_1
launch_runs -jobs 22 ila_1_synth_1
export_simulation -of_objects [get_files C:/Users/DELL/Desktop/CW4.team/adc_8channel/adc_8channel.srcs/sources_1/ip/ila_1/ila_1.xci] -directory C:/Users/DELL/Desktop/CW4.team/adc_8channel/adc_8channel.ip_user_files/sim_scripts -ip_user_files_dir C:/Users/DELL/Desktop/CW4.team/adc_8channel/adc_8channel.ip_user_files -ipstatic_source_dir C:/Users/DELL/Desktop/CW4.team/adc_8channel/adc_8channel.ip_user_files/ipstatic -lib_map_path [list {modelsim=C:/Users/DELL/Desktop/CW4.team/adc_8channel/adc_8channel.cache/compile_simlib/modelsim} {questa=C:/Users/DELL/Desktop/CW4.team/adc_8channel/adc_8channel.cache/compile_simlib/questa} {riviera=C:/Users/DELL/Desktop/CW4.team/adc_8channel/adc_8channel.cache/compile_simlib/riviera} {activehdl=C:/Users/DELL/Desktop/CW4.team/adc_8channel/adc_8channel.cache/compile_simlib/activehdl}] -use_ip_compiled_libs -force -quiet
reset_run synth_1
launch_runs impl_1 -to_step write_bitstream -jobs 22
wait_on_run impl_1
open_run impl_1
set_false_path -from [get_pins clk_for_all/inst/mmcme3_adv_inst/CLKOUT1] -to [get_pins {data/adc_G_data_package/uut_3/inst/ila_core_inst/shifted_data_in_reg[7][79]_srl8/D}]
set_false_path -from [get_pins clk_for_all/inst/mmcme3_adv_inst/CLKOUT1] -to [get_pins {data/adc_H_data_package/uut_3/inst/ila_core_inst/shifted_data_in_reg[7][79]_srl8/D}]
set_false_path -from [get_pins clk_for_all/inst/mmcme3_adv_inst/CLKOUT1] -to [get_pins {data/adc_G_data_package/uut_3/inst/ila_core_inst/shifted_data_in_reg[7][79]_srl8/D}]
set_false_path -from [get_pins clk_for_all/inst/mmcme3_adv_inst/CLKOUT1] -to [get_pins {data/adc_B_data_package/uut_3/inst/ila_core_inst/shifted_data_in_reg[7][79]_srl8/D}]
set_false_path -from [get_pins clk_for_all/inst/mmcme3_adv_inst/CLKOUT1] -to [get_pins {data/adc_D_data_package/uut_3/inst/ila_core_inst/shifted_data_in_reg[7][79]_srl8/D}]
set_false_path -from [get_pins clk_for_all/inst/mmcme3_adv_inst/CLKOUT1] -to [get_pins {data/adc_F_data_package/uut_3/inst/ila_core_inst/shifted_data_in_reg[7][79]_srl8/D}]
set_false_path -from [get_pins clk_for_all/inst/mmcme3_adv_inst/CLKOUT1] -to [get_pins {data/adc_C_data_package/uut_3/inst/ila_core_inst/shifted_data_in_reg[7][79]_srl8/D}]
set_false_path -from [get_pins clk_for_all/inst/mmcme3_adv_inst/CLKOUT1] -to [get_pins {data/adc_A_data_package/uut_3/inst/ila_core_inst/shifted_data_in_reg[7][79]_srl8/D}]
set_false_path -from [get_pins clk_for_all/inst/mmcme3_adv_inst/CLKOUT1] -to [get_pins {data/adc_E_data_package/uut_3/inst/ila_core_inst/shifted_data_in_reg[7][79]_srl8/D}]
set_false_path -from [get_pins clk_for_all/inst/mmcme3_adv_inst/CLKOUT1] -to [get_pins {data/adc_D_data_package/uut_3/inst/ila_core_inst/u_trig/U_TM/N_DDR_MODE.G_NMU[12].U_M/allx_typeA_match_detection.ltlib_v1_0_0_allx_typeA_inst/probeDelay1_reg[0]/D}]
set_false_path -from [get_pins clk_for_all/inst/mmcme3_adv_inst/CLKOUT1] -to [get_pins {data/adc_E_data_package/uut_3/inst/ila_core_inst/u_trig/U_TM/N_DDR_MODE.G_NMU[12].U_M/allx_typeA_match_detection.ltlib_v1_0_0_allx_typeA_inst/probeDelay1_reg[0]/D}]
save_constraints
reset_run synth_1
reset_run impl_1
launch_runs impl_1 -jobs 22
wait_on_run impl_1
refresh_design
set_false_path -from [get_pins clk_for_all/inst/mmcme3_adv_inst/CLKOUT1] -to [get_pins {data/adc_A_data_package/uut_3/inst/ila_core_inst/u_trig/U_TM/N_DDR_MODE.G_NMU[12].U_M/allx_typeA_match_detection.ltlib_v1_0_0_allx_typeA_inst/probeDelay1_reg[0]/D}]
set_false_path -from [get_pins clk_for_all/inst/mmcme3_adv_inst/CLKOUT1] -to [get_pins {data/adc_G_data_package/uut_3/inst/ila_core_inst/u_trig/U_TM/N_DDR_MODE.G_NMU[12].U_M/allx_typeA_match_detection.ltlib_v1_0_0_allx_typeA_inst/probeDelay1_reg[0]/D}]
set_false_path -from [get_pins clk_for_all/inst/mmcme3_adv_inst/CLKOUT1] -to [get_pins {data/adc_B_data_package/uut_3/inst/ila_core_inst/u_trig/U_TM/N_DDR_MODE.G_NMU[12].U_M/allx_typeA_match_detection.ltlib_v1_0_0_allx_typeA_inst/probeDelay1_reg[0]/D}]
set_false_path -from [get_pins clk_for_all/inst/mmcme3_adv_inst/CLKOUT1] -to [get_pins {data/adc_F_data_package/uut_3/inst/ila_core_inst/u_trig/U_TM/N_DDR_MODE.G_NMU[12].U_M/allx_typeA_match_detection.ltlib_v1_0_0_allx_typeA_inst/probeDelay1_reg[0]/D}]
set_false_path -from [get_pins clk_for_all/inst/mmcme3_adv_inst/CLKOUT1] -to [get_pins {data/adc_C_data_package/uut_3/inst/ila_core_inst/u_trig/U_TM/N_DDR_MODE.G_NMU[12].U_M/allx_typeA_match_detection.ltlib_v1_0_0_allx_typeA_inst/probeDelay1_reg[0]/D}]
set_false_path -from [get_pins clk_for_all/inst/mmcme3_adv_inst/CLKOUT1] -to [get_pins {data/adc_H_data_package/uut_3/inst/ila_core_inst/u_trig/U_TM/N_DDR_MODE.G_NMU[12].U_M/allx_typeA_match_detection.ltlib_v1_0_0_allx_typeA_inst/probeDelay1_reg[0]/D}]
set_false_path -from [get_pins clk_for_all/inst/mmcme3_adv_inst/CLKOUT1] -to [get_pins {data/adc_A_data_package/uut_3/inst/ila_core_inst/u_trig/U_TM/N_DDR_MODE.G_NMU[12].U_M/allx_typeA_match_detection.ltlib_v1_0_0_allx_typeA_inst/probeDelay1_reg[0]/D}]
set_false_path -from [get_pins clk_for_all/inst/mmcme3_adv_inst/CLKOUT1] -to [get_pins {data/adc_G_data_package/uut_3/inst/ila_core_inst/u_trig/U_TM/N_DDR_MODE.G_NMU[12].U_M/allx_typeA_match_detection.ltlib_v1_0_0_allx_typeA_inst/probeDelay1_reg[0]/D}]
set_false_path -from [get_pins clk_for_all/inst/mmcme3_adv_inst/CLKOUT1] -to [get_pins {data/adc_B_data_package/uut_3/inst/ila_core_inst/u_trig/U_TM/N_DDR_MODE.G_NMU[12].U_M/allx_typeA_match_detection.ltlib_v1_0_0_allx_typeA_inst/probeDelay1_reg[0]/D}]
set_false_path -from [get_pins clk_for_all/inst/mmcme3_adv_inst/CLKOUT1] -to [get_pins {data/adc_F_data_package/uut_3/inst/ila_core_inst/u_trig/U_TM/N_DDR_MODE.G_NMU[12].U_M/allx_typeA_match_detection.ltlib_v1_0_0_allx_typeA_inst/probeDelay1_reg[0]/D}]
set_false_path -from [get_pins clk_for_all/inst/mmcme3_adv_inst/CLKOUT1] -to [get_pins {data/adc_C_data_package/uut_3/inst/ila_core_inst/u_trig/U_TM/N_DDR_MODE.G_NMU[12].U_M/allx_typeA_match_detection.ltlib_v1_0_0_allx_typeA_inst/probeDelay1_reg[0]/D}]
set_false_path -from [get_pins clk_for_all/inst/mmcme3_adv_inst/CLKOUT1] -to [get_pins {data/adc_H_data_package/uut_3/inst/ila_core_inst/u_trig/U_TM/N_DDR_MODE.G_NMU[12].U_M/allx_typeA_match_detection.ltlib_v1_0_0_allx_typeA_inst/probeDelay1_reg[0]/D}]
save_constraints
reset_run synth_1
launch_runs impl_1 -to_step write_bitstream -jobs 22
wait_on_run impl_1
refresh_design
close_design
set_property PROBES.FILE {C:/Users/DELL/Desktop/CW4.team/adc_8channel/adc_8channel.runs/impl_1/top.ltx} [get_hw_devices xcku040_0]
set_property FULL_PROBES.FILE {C:/Users/DELL/Desktop/CW4.team/adc_8channel/adc_8channel.runs/impl_1/top.ltx} [get_hw_devices xcku040_0]
set_property PROGRAM.FILE {C:/Users/DELL/Desktop/CW4.team/adc_8channel/adc_8channel.runs/impl_1/top.bit} [get_hw_devices xcku040_0]
program_hw_devices [get_hw_devices xcku040_0]
refresh_hw_device [lindex [get_hw_devices xcku040_0] 0]
display_hw_ila_data [ get_hw_ila_data hw_ila_data_1 -of_objects [get_hw_ilas -of_objects [get_hw_devices xcku040_0] -filter {CELL_NAME=~"data/adc_A_data_package/uut_3"}]]
display_hw_ila_data [ get_hw_ila_data hw_ila_data_2 -of_objects [get_hw_ilas -of_objects [get_hw_devices xcku040_0] -filter {CELL_NAME=~"data/adc_A_data_sample/uut_0"}]]
display_hw_ila_data [ get_hw_ila_data hw_ila_data_3 -of_objects [get_hw_ilas -of_objects [get_hw_devices xcku040_0] -filter {CELL_NAME=~"data/adc_B_data_package/uut_3"}]]
display_hw_ila_data [ get_hw_ila_data hw_ila_data_4 -of_objects [get_hw_ilas -of_objects [get_hw_devices xcku040_0] -filter {CELL_NAME=~"data/adc_B_data_sample/uut_0"}]]
display_hw_ila_data [ get_hw_ila_data hw_ila_data_5 -of_objects [get_hw_ilas -of_objects [get_hw_devices xcku040_0] -filter {CELL_NAME=~"data/adc_C_data_package/uut_3"}]]
display_hw_ila_data [ get_hw_ila_data hw_ila_data_6 -of_objects [get_hw_ilas -of_objects [get_hw_devices xcku040_0] -filter {CELL_NAME=~"data/adc_C_data_sample/uut_0"}]]
display_hw_ila_data [ get_hw_ila_data hw_ila_data_7 -of_objects [get_hw_ilas -of_objects [get_hw_devices xcku040_0] -filter {CELL_NAME=~"data/adc_D_data_package/uut_3"}]]
display_hw_ila_data [ get_hw_ila_data hw_ila_data_8 -of_objects [get_hw_ilas -of_objects [get_hw_devices xcku040_0] -filter {CELL_NAME=~"data/adc_D_data_sample/uut_0"}]]
display_hw_ila_data [ get_hw_ila_data hw_ila_data_9 -of_objects [get_hw_ilas -of_objects [get_hw_devices xcku040_0] -filter {CELL_NAME=~"data/adc_E_data_package/uut_3"}]]
display_hw_ila_data [ get_hw_ila_data hw_ila_data_10 -of_objects [get_hw_ilas -of_objects [get_hw_devices xcku040_0] -filter {CELL_NAME=~"data/adc_E_data_sample/uut_0"}]]
display_hw_ila_data [ get_hw_ila_data hw_ila_data_11 -of_objects [get_hw_ilas -of_objects [get_hw_devices xcku040_0] -filter {CELL_NAME=~"data/adc_F_data_package/uut_3"}]]
display_hw_ila_data [ get_hw_ila_data hw_ila_data_12 -of_objects [get_hw_ilas -of_objects [get_hw_devices xcku040_0] -filter {CELL_NAME=~"data/adc_F_data_sample/uut_0"}]]
display_hw_ila_data [ get_hw_ila_data hw_ila_data_13 -of_objects [get_hw_ilas -of_objects [get_hw_devices xcku040_0] -filter {CELL_NAME=~"data/adc_G_data_package/uut_3"}]]
display_hw_ila_data [ get_hw_ila_data hw_ila_data_14 -of_objects [get_hw_ilas -of_objects [get_hw_devices xcku040_0] -filter {CELL_NAME=~"data/adc_G_data_sample/uut_0"}]]
display_hw_ila_data [ get_hw_ila_data hw_ila_data_15 -of_objects [get_hw_ilas -of_objects [get_hw_devices xcku040_0] -filter {CELL_NAME=~"data/adc_H_data_package/uut_3"}]]
display_hw_ila_data [ get_hw_ila_data hw_ila_data_16 -of_objects [get_hw_ilas -of_objects [get_hw_devices xcku040_0] -filter {CELL_NAME=~"data/adc_H_data_sample/uut_0"}]]
display_hw_ila_data [ get_hw_ila_data hw_ila_data_17 -of_objects [get_hw_ilas -of_objects [get_hw_devices xcku040_0] -filter {CELL_NAME=~"data/uut_1"}]]
run_hw_ila [get_hw_ilas -of_objects [get_hw_devices xcku040_0] -filter {CELL_NAME=~"data/adc_A_data_package/uut_3"}]
wait_on_hw_ila -timeout 0 [get_hw_ilas -of_objects [get_hw_devices xcku040_0] -filter {CELL_NAME=~"data/adc_A_data_package/uut_3"}]
upload_hw_ila_data [get_hw_ilas -of_objects [get_hw_devices xcku040_0] -filter {CELL_NAME=~"data/adc_A_data_package/uut_3"}]
run_hw_ila [get_hw_ilas -of_objects [get_hw_devices xcku040_0] -filter {CELL_NAME=~"data/adc_A_data_sample/uut_0"}]
wait_on_hw_ila [get_hw_ilas -of_objects [get_hw_devices xcku040_0] -filter {CELL_NAME=~"data/adc_A_data_sample/uut_0"}]
display_hw_ila_data [upload_hw_ila_data [get_hw_ilas -of_objects [get_hw_devices xcku040_0] -filter {CELL_NAME=~"data/adc_A_data_sample/uut_0"}]]
run_hw_ila [get_hw_ilas -of_objects [get_hw_devices xcku040_0] -filter {CELL_NAME=~"data/adc_A_data_sample/uut_0"}]
wait_on_hw_ila [get_hw_ilas -of_objects [get_hw_devices xcku040_0] -filter {CELL_NAME=~"data/adc_A_data_sample/uut_0"}]
display_hw_ila_data [upload_hw_ila_data [get_hw_ilas -of_objects [get_hw_devices xcku040_0] -filter {CELL_NAME=~"data/adc_A_data_sample/uut_0"}]]
run_hw_ila [get_hw_ilas -of_objects [get_hw_devices xcku040_0] -filter {CELL_NAME=~"data/adc_A_data_sample/uut_0"}]
wait_on_hw_ila [get_hw_ilas -of_objects [get_hw_devices xcku040_0] -filter {CELL_NAME=~"data/adc_A_data_sample/uut_0"}]
display_hw_ila_data [upload_hw_ila_data [get_hw_ilas -of_objects [get_hw_devices xcku040_0] -filter {CELL_NAME=~"data/adc_A_data_sample/uut_0"}]]
run_hw_ila [get_hw_ilas -of_objects [get_hw_devices xcku040_0] -filter {CELL_NAME=~"data/adc_A_data_sample/uut_0"}]
wait_on_hw_ila [get_hw_ilas -of_objects [get_hw_devices xcku040_0] -filter {CELL_NAME=~"data/adc_A_data_sample/uut_0"}]
display_hw_ila_data [upload_hw_ila_data [get_hw_ilas -of_objects [get_hw_devices xcku040_0] -filter {CELL_NAME=~"data/adc_A_data_sample/uut_0"}]]
run_hw_ila [get_hw_ilas -of_objects [get_hw_devices xcku040_0] -filter {CELL_NAME=~"data/adc_A_data_sample/uut_0"}]
wait_on_hw_ila [get_hw_ilas -of_objects [get_hw_devices xcku040_0] -filter {CELL_NAME=~"data/adc_A_data_sample/uut_0"}]
display_hw_ila_data [upload_hw_ila_data [get_hw_ilas -of_objects [get_hw_devices xcku040_0] -filter {CELL_NAME=~"data/adc_A_data_sample/uut_0"}]]
run_hw_ila [get_hw_ilas -of_objects [get_hw_devices xcku040_0] -filter {CELL_NAME=~"data/adc_A_data_sample/uut_0"}]
wait_on_hw_ila [get_hw_ilas -of_objects [get_hw_devices xcku040_0] -filter {CELL_NAME=~"data/adc_A_data_sample/uut_0"}]
display_hw_ila_data [upload_hw_ila_data [get_hw_ilas -of_objects [get_hw_devices xcku040_0] -filter {CELL_NAME=~"data/adc_A_data_sample/uut_0"}]]
run_hw_ila [get_hw_ilas -of_objects [get_hw_devices xcku040_0] -filter {CELL_NAME=~"data/adc_A_data_sample/uut_0"}]
wait_on_hw_ila [get_hw_ilas -of_objects [get_hw_devices xcku040_0] -filter {CELL_NAME=~"data/adc_A_data_sample/uut_0"}]
display_hw_ila_data [upload_hw_ila_data [get_hw_ilas -of_objects [get_hw_devices xcku040_0] -filter {CELL_NAME=~"data/adc_A_data_sample/uut_0"}]]
run_hw_ila [get_hw_ilas -of_objects [get_hw_devices xcku040_0] -filter {CELL_NAME=~"data/adc_D_data_sample/uut_0"}]
wait_on_hw_ila [get_hw_ilas -of_objects [get_hw_devices xcku040_0] -filter {CELL_NAME=~"data/adc_D_data_sample/uut_0"}]
display_hw_ila_data [upload_hw_ila_data [get_hw_ilas -of_objects [get_hw_devices xcku040_0] -filter {CELL_NAME=~"data/adc_D_data_sample/uut_0"}]]
run_hw_ila [get_hw_ilas -of_objects [get_hw_devices xcku040_0] -filter {CELL_NAME=~"data/adc_A_data_package/uut_3"}]
wait_on_hw_ila -timeout 0 [get_hw_ilas -of_objects [get_hw_devices xcku040_0] -filter {CELL_NAME=~"data/adc_A_data_package/uut_3"}]
upload_hw_ila_data [get_hw_ilas -of_objects [get_hw_devices xcku040_0] -filter {CELL_NAME=~"data/adc_A_data_package/uut_3"}]
run_hw_ila [get_hw_ilas -of_objects [get_hw_devices xcku040_0] -filter {CELL_NAME=~"data/adc_A_data_package/uut_3"}]
wait_on_hw_ila [get_hw_ilas -of_objects [get_hw_devices xcku040_0] -filter {CELL_NAME=~"data/adc_A_data_package/uut_3"}]
display_hw_ila_data [upload_hw_ila_data [get_hw_ilas -of_objects [get_hw_devices xcku040_0] -filter {CELL_NAME=~"data/adc_A_data_package/uut_3"}]]
run_hw_ila [get_hw_ilas -of_objects [get_hw_devices xcku040_0] -filter {CELL_NAME=~"data/adc_A_data_package/uut_3"}]
wait_on_hw_ila [get_hw_ilas -of_objects [get_hw_devices xcku040_0] -filter {CELL_NAME=~"data/adc_A_data_package/uut_3"}]
display_hw_ila_data [upload_hw_ila_data [get_hw_ilas -of_objects [get_hw_devices xcku040_0] -filter {CELL_NAME=~"data/adc_A_data_package/uut_3"}]]
run_hw_ila [get_hw_ilas -of_objects [get_hw_devices xcku040_0] -filter {CELL_NAME=~"data/adc_A_data_package/uut_3"}]
wait_on_hw_ila [get_hw_ilas -of_objects [get_hw_devices xcku040_0] -filter {CELL_NAME=~"data/adc_A_data_package/uut_3"}]
display_hw_ila_data [upload_hw_ila_data [get_hw_ilas -of_objects [get_hw_devices xcku040_0] -filter {CELL_NAME=~"data/adc_A_data_package/uut_3"}]]
run_hw_ila [get_hw_ilas -of_objects [get_hw_devices xcku040_0] -filter {CELL_NAME=~"data/adc_A_data_package/uut_3"}]
wait_on_hw_ila [get_hw_ilas -of_objects [get_hw_devices xcku040_0] -filter {CELL_NAME=~"data/adc_A_data_package/uut_3"}]
display_hw_ila_data [upload_hw_ila_data [get_hw_ilas -of_objects [get_hw_devices xcku040_0] -filter {CELL_NAME=~"data/adc_A_data_package/uut_3"}]]
run_hw_ila [get_hw_ilas -of_objects [get_hw_devices xcku040_0] -filter {CELL_NAME=~"data/adc_A_data_package/uut_3"}]
wait_on_hw_ila [get_hw_ilas -of_objects [get_hw_devices xcku040_0] -filter {CELL_NAME=~"data/adc_A_data_package/uut_3"}]
display_hw_ila_data [upload_hw_ila_data [get_hw_ilas -of_objects [get_hw_devices xcku040_0] -filter {CELL_NAME=~"data/adc_A_data_package/uut_3"}]]
run_hw_ila [get_hw_ilas -of_objects [get_hw_devices xcku040_0] -filter {CELL_NAME=~"data/adc_A_data_package/uut_3"}]
wait_on_hw_ila [get_hw_ilas -of_objects [get_hw_devices xcku040_0] -filter {CELL_NAME=~"data/adc_A_data_package/uut_3"}]
display_hw_ila_data [upload_hw_ila_data [get_hw_ilas -of_objects [get_hw_devices xcku040_0] -filter {CELL_NAME=~"data/adc_A_data_package/uut_3"}]]
run_hw_ila [get_hw_ilas -of_objects [get_hw_devices xcku040_0] -filter {CELL_NAME=~"data/adc_A_data_package/uut_3"}]
wait_on_hw_ila [get_hw_ilas -of_objects [get_hw_devices xcku040_0] -filter {CELL_NAME=~"data/adc_A_data_package/uut_3"}]
display_hw_ila_data [upload_hw_ila_data [get_hw_ilas -of_objects [get_hw_devices xcku040_0] -filter {CELL_NAME=~"data/adc_A_data_package/uut_3"}]]
run_hw_ila [get_hw_ilas -of_objects [get_hw_devices xcku040_0] -filter {CELL_NAME=~"data/adc_A_data_package/uut_3"}]
set_property TRIGGER_COMPARE_VALUE eq12'hXXX [get_hw_probes data/adc_A_data_package/adc_data -of_objects [get_hw_ilas -of_objects [get_hw_devices xcku040_0] -filter {CELL_NAME=~"data/adc_A_data_package/uut_3"}]]
wait_on_hw_ila [get_hw_ilas -of_objects [get_hw_devices xcku040_0] -filter {CELL_NAME=~"data/adc_A_data_package/uut_3"}]
display_hw_ila_data [upload_hw_ila_data [get_hw_ilas -of_objects [get_hw_devices xcku040_0] -filter {CELL_NAME=~"data/adc_A_data_package/uut_3"}]]
set_property TRIGGER_COMPARE_VALUE lteq12'h100 [get_hw_probes data/adc_A_data_package/adc_data -of_objects [get_hw_ilas -of_objects [get_hw_devices xcku040_0] -filter {CELL_NAME=~"data/adc_A_data_package/uut_3"}]]
set_property TRIGGER_COMPARE_VALUE lteq12'u256 [get_hw_probes data/adc_A_data_package/adc_data -of_objects [get_hw_ilas -of_objects [get_hw_devices xcku040_0] -filter {CELL_NAME=~"data/adc_A_data_package/uut_3"}]]
set_property TRIGGER_COMPARE_VALUE lteq12'u1000 [get_hw_probes data/adc_A_data_package/adc_data -of_objects [get_hw_ilas -of_objects [get_hw_devices xcku040_0] -filter {CELL_NAME=~"data/adc_A_data_package/uut_3"}]]
run_hw_ila [get_hw_ilas -of_objects [get_hw_devices xcku040_0] -filter {CELL_NAME=~"data/adc_A_data_package/uut_3"}]
wait_on_hw_ila [get_hw_ilas -of_objects [get_hw_devices xcku040_0] -filter {CELL_NAME=~"data/adc_A_data_package/uut_3"}]
display_hw_ila_data [upload_hw_ila_data [get_hw_ilas -of_objects [get_hw_devices xcku040_0] -filter {CELL_NAME=~"data/adc_A_data_package/uut_3"}]]
run_hw_ila [get_hw_ilas -of_objects [get_hw_devices xcku040_0] -filter {CELL_NAME=~"data/adc_A_data_package/uut_3"}]
wait_on_hw_ila [get_hw_ilas -of_objects [get_hw_devices xcku040_0] -filter {CELL_NAME=~"data/adc_A_data_package/uut_3"}]
display_hw_ila_data [upload_hw_ila_data [get_hw_ilas -of_objects [get_hw_devices xcku040_0] -filter {CELL_NAME=~"data/adc_A_data_package/uut_3"}]]
add_wave -into {hw_ila_data_1.wcfg} -radix hex { {data/adc_A_data_package/wr_fifo3} }
run_hw_ila [get_hw_ilas -of_objects [get_hw_devices xcku040_0] -filter {CELL_NAME=~"data/uut_1"}]
wait_on_hw_ila [get_hw_ilas -of_objects [get_hw_devices xcku040_0] -filter {CELL_NAME=~"data/uut_1"}]
display_hw_ila_data [upload_hw_ila_data [get_hw_ilas -of_objects [get_hw_devices xcku040_0] -filter {CELL_NAME=~"data/uut_1"}]]
add_wave -into {hw_ila_data_17.wcfg} -radix hex { {data/trigger} }
run_hw_ila [get_hw_ilas -of_objects [get_hw_devices xcku040_0] -filter {CELL_NAME=~"data/uut_1"}]
wait_on_hw_ila [get_hw_ilas -of_objects [get_hw_devices xcku040_0] -filter {CELL_NAME=~"data/uut_1"}]
display_hw_ila_data [upload_hw_ila_data [get_hw_ilas -of_objects [get_hw_devices xcku040_0] -filter {CELL_NAME=~"data/uut_1"}]]
add_wave -into {hw_ila_data_17.wcfg} -radix hex { {data/data_fifo4_in} }
add_wave -into {hw_ila_data_17.wcfg} -radix hex { {data/data_fifo4_out} }
run_hw_ila [get_hw_ilas -of_objects [get_hw_devices xcku040_0] -filter {CELL_NAME=~"data/uut_1"}]
wait_on_hw_ila [get_hw_ilas -of_objects [get_hw_devices xcku040_0] -filter {CELL_NAME=~"data/uut_1"}]
display_hw_ila_data [upload_hw_ila_data [get_hw_ilas -of_objects [get_hw_devices xcku040_0] -filter {CELL_NAME=~"data/uut_1"}]]
run_hw_ila [get_hw_ilas -of_objects [get_hw_devices xcku040_0] -filter {CELL_NAME=~"data/uut_1"}]
wait_on_hw_ila [get_hw_ilas -of_objects [get_hw_devices xcku040_0] -filter {CELL_NAME=~"data/uut_1"}]
display_hw_ila_data [upload_hw_ila_data [get_hw_ilas -of_objects [get_hw_devices xcku040_0] -filter {CELL_NAME=~"data/uut_1"}]]
run_hw_ila [get_hw_ilas -of_objects [get_hw_devices xcku040_0] -filter {CELL_NAME=~"data/uut_1"}]
wait_on_hw_ila [get_hw_ilas -of_objects [get_hw_devices xcku040_0] -filter {CELL_NAME=~"data/uut_1"}]
display_hw_ila_data [upload_hw_ila_data [get_hw_ilas -of_objects [get_hw_devices xcku040_0] -filter {CELL_NAME=~"data/uut_1"}]]
set_property TRIGGER_COMPARE_VALUE eq1'bX [get_hw_probes data/wr_en_fifo4 -of_objects [get_hw_ilas -of_objects [get_hw_devices xcku040_0] -filter {CELL_NAME=~"data/uut_1"}]]
set_property TRIGGER_COMPARE_VALUE eq4'h1 [get_hw_probes data/state34 -of_objects [get_hw_ilas -of_objects [get_hw_devices xcku040_0] -filter {CELL_NAME=~"data/uut_1"}]]
set_property TRIGGER_COMPARE_VALUE eq4'b0001 [get_hw_probes data/state34 -of_objects [get_hw_ilas -of_objects [get_hw_devices xcku040_0] -filter {CELL_NAME=~"data/uut_1"}]]
run_hw_ila [get_hw_ilas -of_objects [get_hw_devices xcku040_0] -filter {CELL_NAME=~"data/uut_1"}]
wait_on_hw_ila [get_hw_ilas -of_objects [get_hw_devices xcku040_0] -filter {CELL_NAME=~"data/uut_1"}]
display_hw_ila_data [upload_hw_ila_data [get_hw_ilas -of_objects [get_hw_devices xcku040_0] -filter {CELL_NAME=~"data/uut_1"}]]
add_wave -into {hw_ila_data_17.wcfg} -radix hex { {data/fifo34_start} }
add_wave -into {hw_ila_data_17.wcfg} -radix hex { {data/cnt34} }
set_property -dict [list CONFIG.C_NUM_OF_PROBES {11}] [get_ips ila_1]
set_property -dict [list CONFIG.C_PROBE10_WIDTH {64}] [get_ips ila_1]
generate_target all [get_files  C:/Users/DELL/Desktop/CW4.team/adc_8channel/adc_8channel.srcs/sources_1/ip/ila_1/ila_1.xci]
catch { config_ip_cache -export [get_ips -all ila_1] }
export_ip_user_files -of_objects [get_files C:/Users/DELL/Desktop/CW4.team/adc_8channel/adc_8channel.srcs/sources_1/ip/ila_1/ila_1.xci] -no_script -sync -force -quiet
reset_run ila_1_synth_1
launch_runs -jobs 22 ila_1_synth_1
export_simulation -of_objects [get_files C:/Users/DELL/Desktop/CW4.team/adc_8channel/adc_8channel.srcs/sources_1/ip/ila_1/ila_1.xci] -directory C:/Users/DELL/Desktop/CW4.team/adc_8channel/adc_8channel.ip_user_files/sim_scripts -ip_user_files_dir C:/Users/DELL/Desktop/CW4.team/adc_8channel/adc_8channel.ip_user_files -ipstatic_source_dir C:/Users/DELL/Desktop/CW4.team/adc_8channel/adc_8channel.ip_user_files/ipstatic -lib_map_path [list {modelsim=C:/Users/DELL/Desktop/CW4.team/adc_8channel/adc_8channel.cache/compile_simlib/modelsim} {questa=C:/Users/DELL/Desktop/CW4.team/adc_8channel/adc_8channel.cache/compile_simlib/questa} {riviera=C:/Users/DELL/Desktop/CW4.team/adc_8channel/adc_8channel.cache/compile_simlib/riviera} {activehdl=C:/Users/DELL/Desktop/CW4.team/adc_8channel/adc_8channel.cache/compile_simlib/activehdl}] -use_ip_compiled_libs -force -quiet
run_hw_ila [get_hw_ilas -of_objects [get_hw_devices xcku040_0] -filter {CELL_NAME=~"data/adc_A_data_package/uut_3"}]
wait_on_hw_ila [get_hw_ilas -of_objects [get_hw_devices xcku040_0] -filter {CELL_NAME=~"data/adc_A_data_package/uut_3"}]
display_hw_ila_data [upload_hw_ila_data [get_hw_ilas -of_objects [get_hw_devices xcku040_0] -filter {CELL_NAME=~"data/adc_A_data_package/uut_3"}]]
set_property -dict [list CONFIG.C_PROBE20_WIDTH {10} CONFIG.C_NUM_OF_PROBES {21}] [get_ips ila_2]
generate_target all [get_files  C:/Users/DELL/Desktop/CW4.team/adc_8channel/adc_8channel.srcs/sources_1/ip/ila_2/ila_2.xci]
catch { config_ip_cache -export [get_ips -all ila_2] }
export_ip_user_files -of_objects [get_files C:/Users/DELL/Desktop/CW4.team/adc_8channel/adc_8channel.srcs/sources_1/ip/ila_2/ila_2.xci] -no_script -sync -force -quiet
reset_run ila_2_synth_1
launch_runs -jobs 22 ila_2_synth_1
export_simulation -of_objects [get_files C:/Users/DELL/Desktop/CW4.team/adc_8channel/adc_8channel.srcs/sources_1/ip/ila_2/ila_2.xci] -directory C:/Users/DELL/Desktop/CW4.team/adc_8channel/adc_8channel.ip_user_files/sim_scripts -ip_user_files_dir C:/Users/DELL/Desktop/CW4.team/adc_8channel/adc_8channel.ip_user_files -ipstatic_source_dir C:/Users/DELL/Desktop/CW4.team/adc_8channel/adc_8channel.ip_user_files/ipstatic -lib_map_path [list {modelsim=C:/Users/DELL/Desktop/CW4.team/adc_8channel/adc_8channel.cache/compile_simlib/modelsim} {questa=C:/Users/DELL/Desktop/CW4.team/adc_8channel/adc_8channel.cache/compile_simlib/questa} {riviera=C:/Users/DELL/Desktop/CW4.team/adc_8channel/adc_8channel.cache/compile_simlib/riviera} {activehdl=C:/Users/DELL/Desktop/CW4.team/adc_8channel/adc_8channel.cache/compile_simlib/activehdl}] -use_ip_compiled_libs -force -quiet
reset_run synth_1
launch_runs impl_1 -to_step write_bitstream -jobs 22
wait_on_run impl_1
open_run synth_1 -name synth_1
close_design
set_property PROBES.FILE {C:/Users/DELL/Desktop/CW4.team/adc_8channel/adc_8channel.runs/impl_1/top.ltx} [get_hw_devices xcku040_0]
set_property FULL_PROBES.FILE {C:/Users/DELL/Desktop/CW4.team/adc_8channel/adc_8channel.runs/impl_1/top.ltx} [get_hw_devices xcku040_0]
set_property PROGRAM.FILE {C:/Users/DELL/Desktop/CW4.team/adc_8channel/adc_8channel.runs/impl_1/top.bit} [get_hw_devices xcku040_0]
program_hw_devices [get_hw_devices xcku040_0]
refresh_hw_device [lindex [get_hw_devices xcku040_0] 0]
run_hw_ila [get_hw_ilas -of_objects [get_hw_devices xcku040_0] -filter {CELL_NAME=~"data/adc_A_data_package/uut_3"}]\
   [get_hw_ilas -of_objects [get_hw_devices xcku040_0] -filter {CELL_NAME=~"data/adc_A_data_sample/uut_0"}]\
   [get_hw_ilas -of_objects [get_hw_devices xcku040_0] -filter {CELL_NAME=~"data/adc_B_data_package/uut_3"}]\
   [get_hw_ilas -of_objects [get_hw_devices xcku040_0] -filter {CELL_NAME=~"data/adc_B_data_sample/uut_0"}]\
   [get_hw_ilas -of_objects [get_hw_devices xcku040_0] -filter {CELL_NAME=~"data/adc_C_data_package/uut_3"}]\
   [get_hw_ilas -of_objects [get_hw_devices xcku040_0] -filter {CELL_NAME=~"data/adc_C_data_sample/uut_0"}]\
   [get_hw_ilas -of_objects [get_hw_devices xcku040_0] -filter {CELL_NAME=~"data/adc_D_data_package/uut_3"}]\
   [get_hw_ilas -of_objects [get_hw_devices xcku040_0] -filter {CELL_NAME=~"data/adc_D_data_sample/uut_0"}]\
   [get_hw_ilas -of_objects [get_hw_devices xcku040_0] -filter {CELL_NAME=~"data/adc_E_data_package/uut_3"}]\
   [get_hw_ilas -of_objects [get_hw_devices xcku040_0] -filter {CELL_NAME=~"data/adc_E_data_sample/uut_0"}]\
   [get_hw_ilas -of_objects [get_hw_devices xcku040_0] -filter {CELL_NAME=~"data/adc_F_data_package/uut_3"}]\
   [get_hw_ilas -of_objects [get_hw_devices xcku040_0] -filter {CELL_NAME=~"data/adc_F_data_sample/uut_0"}]\
   [get_hw_ilas -of_objects [get_hw_devices xcku040_0] -filter {CELL_NAME=~"data/adc_G_data_package/uut_3"}]\
   [get_hw_ilas -of_objects [get_hw_devices xcku040_0] -filter {CELL_NAME=~"data/adc_G_data_sample/uut_0"}]\
   [get_hw_ilas -of_objects [get_hw_devices xcku040_0] -filter {CELL_NAME=~"data/adc_H_data_package/uut_3"}]\
   [get_hw_ilas -of_objects [get_hw_devices xcku040_0] -filter {CELL_NAME=~"data/adc_H_data_sample/uut_0"}]\
   [get_hw_ilas -of_objects [get_hw_devices xcku040_0] -filter {CELL_NAME=~"data/uut_1"}]
wait_on_hw_ila [get_hw_ilas -of_objects [get_hw_devices xcku040_0] -filter {CELL_NAME=~"data/adc_A_data_package/uut_3"}]\
  [get_hw_ilas -of_objects [get_hw_devices xcku040_0] -filter {CELL_NAME=~"data/adc_A_data_sample/uut_0"}]\
  [get_hw_ilas -of_objects [get_hw_devices xcku040_0] -filter {CELL_NAME=~"data/adc_B_data_sample/uut_0"}]\
  [get_hw_ilas -of_objects [get_hw_devices xcku040_0] -filter {CELL_NAME=~"data/adc_C_data_package/uut_3"}]\
  [get_hw_ilas -of_objects [get_hw_devices xcku040_0] -filter {CELL_NAME=~"data/adc_C_data_sample/uut_0"}]\
  [get_hw_ilas -of_objects [get_hw_devices xcku040_0] -filter {CELL_NAME=~"data/adc_D_data_package/uut_3"}]\
  [get_hw_ilas -of_objects [get_hw_devices xcku040_0] -filter {CELL_NAME=~"data/adc_D_data_sample/uut_0"}]\
  [get_hw_ilas -of_objects [get_hw_devices xcku040_0] -filter {CELL_NAME=~"data/adc_E_data_sample/uut_0"}]\
  [get_hw_ilas -of_objects [get_hw_devices xcku040_0] -filter {CELL_NAME=~"data/adc_F_data_package/uut_3"}]\
  [get_hw_ilas -of_objects [get_hw_devices xcku040_0] -filter {CELL_NAME=~"data/adc_F_data_sample/uut_0"}]\
  [get_hw_ilas -of_objects [get_hw_devices xcku040_0] -filter {CELL_NAME=~"data/adc_G_data_package/uut_3"}]\
  [get_hw_ilas -of_objects [get_hw_devices xcku040_0] -filter {CELL_NAME=~"data/adc_G_data_sample/uut_0"}]\
  [get_hw_ilas -of_objects [get_hw_devices xcku040_0] -filter {CELL_NAME=~"data/adc_H_data_package/uut_3"}]\
  [get_hw_ilas -of_objects [get_hw_devices xcku040_0] -filter {CELL_NAME=~"data/adc_H_data_sample/uut_0"}]
display_hw_ila_data [upload_hw_ila_data [get_hw_ilas -of_objects [get_hw_devices xcku040_0] -filter {CELL_NAME=~"data/adc_A_data_package/uut_3"}]]
display_hw_ila_data [upload_hw_ila_data [get_hw_ilas -of_objects [get_hw_devices xcku040_0] -filter {CELL_NAME=~"data/adc_A_data_sample/uut_0"}]]
display_hw_ila_data [upload_hw_ila_data [get_hw_ilas -of_objects [get_hw_devices xcku040_0] -filter {CELL_NAME=~"data/adc_B_data_sample/uut_0"}]]
display_hw_ila_data [upload_hw_ila_data [get_hw_ilas -of_objects [get_hw_devices xcku040_0] -filter {CELL_NAME=~"data/adc_C_data_package/uut_3"}]]
display_hw_ila_data [upload_hw_ila_data [get_hw_ilas -of_objects [get_hw_devices xcku040_0] -filter {CELL_NAME=~"data/adc_C_data_sample/uut_0"}]]
display_hw_ila_data [upload_hw_ila_data [get_hw_ilas -of_objects [get_hw_devices xcku040_0] -filter {CELL_NAME=~"data/adc_D_data_package/uut_3"}]]
display_hw_ila_data [upload_hw_ila_data [get_hw_ilas -of_objects [get_hw_devices xcku040_0] -filter {CELL_NAME=~"data/adc_D_data_sample/uut_0"}]]
display_hw_ila_data [upload_hw_ila_data [get_hw_ilas -of_objects [get_hw_devices xcku040_0] -filter {CELL_NAME=~"data/adc_E_data_sample/uut_0"}]]
display_hw_ila_data [upload_hw_ila_data [get_hw_ilas -of_objects [get_hw_devices xcku040_0] -filter {CELL_NAME=~"data/adc_F_data_package/uut_3"}]]
display_hw_ila_data [upload_hw_ila_data [get_hw_ilas -of_objects [get_hw_devices xcku040_0] -filter {CELL_NAME=~"data/adc_F_data_sample/uut_0"}]]
display_hw_ila_data [upload_hw_ila_data [get_hw_ilas -of_objects [get_hw_devices xcku040_0] -filter {CELL_NAME=~"data/adc_G_data_package/uut_3"}]]
display_hw_ila_data [upload_hw_ila_data [get_hw_ilas -of_objects [get_hw_devices xcku040_0] -filter {CELL_NAME=~"data/adc_G_data_sample/uut_0"}]]
display_hw_ila_data [upload_hw_ila_data [get_hw_ilas -of_objects [get_hw_devices xcku040_0] -filter {CELL_NAME=~"data/adc_H_data_package/uut_3"}]]
display_hw_ila_data [upload_hw_ila_data [get_hw_ilas -of_objects [get_hw_devices xcku040_0] -filter {CELL_NAME=~"data/adc_H_data_sample/uut_0"}]]
wait_on_hw_ila -timeout 0 [get_hw_ilas -of_objects [get_hw_devices xcku040_0] -filter {CELL_NAME=~"data/uut_1"}]
upload_hw_ila_data [get_hw_ilas -of_objects [get_hw_devices xcku040_0] -filter {CELL_NAME=~"data/uut_1"}]
run_hw_ila [get_hw_ilas -of_objects [get_hw_devices xcku040_0] -filter {CELL_NAME=~"data/uut_1"}]
wait_on_hw_ila [get_hw_ilas -of_objects [get_hw_devices xcku040_0] -filter {CELL_NAME=~"data/uut_1"}]
display_hw_ila_data [upload_hw_ila_data [get_hw_ilas -of_objects [get_hw_devices xcku040_0] -filter {CELL_NAME=~"data/uut_1"}]]
add_wave -into {hw_ila_data_17.wcfg} -radix hex { {data/ttt_out} }
add_wave -into {hw_ila_data_17.wcfg} -radix hex { {data/rd_en_ttt} }
run_hw_ila [get_hw_ilas -of_objects [get_hw_devices xcku040_0] -filter {CELL_NAME=~"data/adc_A_data_package/uut_3"}]
wait_on_hw_ila [get_hw_ilas -of_objects [get_hw_devices xcku040_0] -filter {CELL_NAME=~"data/adc_A_data_package/uut_3"}]
display_hw_ila_data [upload_hw_ila_data [get_hw_ilas -of_objects [get_hw_devices xcku040_0] -filter {CELL_NAME=~"data/adc_A_data_package/uut_3"}]]
set_property -dict [list CONFIG.C_PROBE12_WIDTH {10} CONFIG.C_NUM_OF_PROBES {13}] [get_ips ila_1]
generate_target all [get_files  C:/Users/DELL/Desktop/CW4.team/adc_8channel/adc_8channel.srcs/sources_1/ip/ila_1/ila_1.xci]
catch { config_ip_cache -export [get_ips -all ila_1] }
export_ip_user_files -of_objects [get_files C:/Users/DELL/Desktop/CW4.team/adc_8channel/adc_8channel.srcs/sources_1/ip/ila_1/ila_1.xci] -no_script -sync -force -quiet
reset_run ila_1_synth_1
launch_runs -jobs 22 ila_1_synth_1
export_simulation -of_objects [get_files C:/Users/DELL/Desktop/CW4.team/adc_8channel/adc_8channel.srcs/sources_1/ip/ila_1/ila_1.xci] -directory C:/Users/DELL/Desktop/CW4.team/adc_8channel/adc_8channel.ip_user_files/sim_scripts -ip_user_files_dir C:/Users/DELL/Desktop/CW4.team/adc_8channel/adc_8channel.ip_user_files -ipstatic_source_dir C:/Users/DELL/Desktop/CW4.team/adc_8channel/adc_8channel.ip_user_files/ipstatic -lib_map_path [list {modelsim=C:/Users/DELL/Desktop/CW4.team/adc_8channel/adc_8channel.cache/compile_simlib/modelsim} {questa=C:/Users/DELL/Desktop/CW4.team/adc_8channel/adc_8channel.cache/compile_simlib/questa} {riviera=C:/Users/DELL/Desktop/CW4.team/adc_8channel/adc_8channel.cache/compile_simlib/riviera} {activehdl=C:/Users/DELL/Desktop/CW4.team/adc_8channel/adc_8channel.cache/compile_simlib/activehdl}] -use_ip_compiled_libs -force -quiet
add_wave -into {hw_ila_data_1.wcfg} -radix hex { {data/adc_A_data_package/data_cnt_fifo3} }
run_hw_ila [get_hw_ilas -of_objects [get_hw_devices xcku040_0] -filter {CELL_NAME=~"data/adc_A_data_package/uut_3"}]
wait_on_hw_ila [get_hw_ilas -of_objects [get_hw_devices xcku040_0] -filter {CELL_NAME=~"data/adc_A_data_package/uut_3"}]
display_hw_ila_data [upload_hw_ila_data [get_hw_ilas -of_objects [get_hw_devices xcku040_0] -filter {CELL_NAME=~"data/adc_A_data_package/uut_3"}]]
add_wave -into {hw_ila_data_1.wcfg} -radix hex { {data/adc_A_data_package/rd_fifo3} }
set_property -dict [list CONFIG.C_PROBE21_WIDTH {4} CONFIG.C_NUM_OF_PROBES {24}] [get_ips ila_2]
generate_target all [get_files  C:/Users/DELL/Desktop/CW4.team/adc_8channel/adc_8channel.srcs/sources_1/ip/ila_2/ila_2.xci]
catch { config_ip_cache -export [get_ips -all ila_2] }
export_ip_user_files -of_objects [get_files C:/Users/DELL/Desktop/CW4.team/adc_8channel/adc_8channel.srcs/sources_1/ip/ila_2/ila_2.xci] -no_script -sync -force -quiet
reset_run ila_2_synth_1
launch_runs -jobs 22 ila_2_synth_1
export_simulation -of_objects [get_files C:/Users/DELL/Desktop/CW4.team/adc_8channel/adc_8channel.srcs/sources_1/ip/ila_2/ila_2.xci] -directory C:/Users/DELL/Desktop/CW4.team/adc_8channel/adc_8channel.ip_user_files/sim_scripts -ip_user_files_dir C:/Users/DELL/Desktop/CW4.team/adc_8channel/adc_8channel.ip_user_files -ipstatic_source_dir C:/Users/DELL/Desktop/CW4.team/adc_8channel/adc_8channel.ip_user_files/ipstatic -lib_map_path [list {modelsim=C:/Users/DELL/Desktop/CW4.team/adc_8channel/adc_8channel.cache/compile_simlib/modelsim} {questa=C:/Users/DELL/Desktop/CW4.team/adc_8channel/adc_8channel.cache/compile_simlib/questa} {riviera=C:/Users/DELL/Desktop/CW4.team/adc_8channel/adc_8channel.cache/compile_simlib/riviera} {activehdl=C:/Users/DELL/Desktop/CW4.team/adc_8channel/adc_8channel.cache/compile_simlib/activehdl}] -use_ip_compiled_libs -force -quiet
set_property -dict [list CONFIG.C_PROBE13_WIDTH {4} CONFIG.C_NUM_OF_PROBES {14}] [get_ips ila_1]
generate_target all [get_files  C:/Users/DELL/Desktop/CW4.team/adc_8channel/adc_8channel.srcs/sources_1/ip/ila_1/ila_1.xci]
catch { config_ip_cache -export [get_ips -all ila_1] }
export_ip_user_files -of_objects [get_files C:/Users/DELL/Desktop/CW4.team/adc_8channel/adc_8channel.srcs/sources_1/ip/ila_1/ila_1.xci] -no_script -sync -force -quiet
reset_run ila_1_synth_1
launch_runs -jobs 22 ila_1_synth_1
export_simulation -of_objects [get_files C:/Users/DELL/Desktop/CW4.team/adc_8channel/adc_8channel.srcs/sources_1/ip/ila_1/ila_1.xci] -directory C:/Users/DELL/Desktop/CW4.team/adc_8channel/adc_8channel.ip_user_files/sim_scripts -ip_user_files_dir C:/Users/DELL/Desktop/CW4.team/adc_8channel/adc_8channel.ip_user_files -ipstatic_source_dir C:/Users/DELL/Desktop/CW4.team/adc_8channel/adc_8channel.ip_user_files/ipstatic -lib_map_path [list {modelsim=C:/Users/DELL/Desktop/CW4.team/adc_8channel/adc_8channel.cache/compile_simlib/modelsim} {questa=C:/Users/DELL/Desktop/CW4.team/adc_8channel/adc_8channel.cache/compile_simlib/questa} {riviera=C:/Users/DELL/Desktop/CW4.team/adc_8channel/adc_8channel.cache/compile_simlib/riviera} {activehdl=C:/Users/DELL/Desktop/CW4.team/adc_8channel/adc_8channel.cache/compile_simlib/activehdl}] -use_ip_compiled_libs -force -quiet
open_run impl_1
report_drc -name drc_1 -ruledecks {default}
reset_run synth_1
launch_runs impl_1 -to_step write_bitstream -jobs 22
wait_on_run impl_1
close_design
run_hw_ila [get_hw_ilas -of_objects [get_hw_devices xcku040_0] -filter {CELL_NAME=~"data/adc_A_data_package/uut_3"}]
wait_on_hw_ila [get_hw_ilas -of_objects [get_hw_devices xcku040_0] -filter {CELL_NAME=~"data/adc_A_data_package/uut_3"}]
display_hw_ila_data [upload_hw_ila_data [get_hw_ilas -of_objects [get_hw_devices xcku040_0] -filter {CELL_NAME=~"data/adc_A_data_package/uut_3"}]]
run_hw_ila [get_hw_ilas -of_objects [get_hw_devices xcku040_0] -filter {CELL_NAME=~"data/adc_A_data_package/uut_3"}]
wait_on_hw_ila [get_hw_ilas -of_objects [get_hw_devices xcku040_0] -filter {CELL_NAME=~"data/adc_A_data_package/uut_3"}]
display_hw_ila_data [upload_hw_ila_data [get_hw_ilas -of_objects [get_hw_devices xcku040_0] -filter {CELL_NAME=~"data/adc_A_data_package/uut_3"}]]
run_hw_ila [get_hw_ilas -of_objects [get_hw_devices xcku040_0] -filter {CELL_NAME=~"data/adc_A_data_package/uut_3"}]
wait_on_hw_ila [get_hw_ilas -of_objects [get_hw_devices xcku040_0] -filter {CELL_NAME=~"data/adc_A_data_package/uut_3"}]
display_hw_ila_data [upload_hw_ila_data [get_hw_ilas -of_objects [get_hw_devices xcku040_0] -filter {CELL_NAME=~"data/adc_A_data_package/uut_3"}]]
set_property PROBES.FILE {C:/Users/DELL/Desktop/CW4.team/adc_8channel/adc_8channel.runs/impl_1/top.ltx} [get_hw_devices xcku040_0]
set_property FULL_PROBES.FILE {C:/Users/DELL/Desktop/CW4.team/adc_8channel/adc_8channel.runs/impl_1/top.ltx} [get_hw_devices xcku040_0]
set_property PROGRAM.FILE {C:/Users/DELL/Desktop/CW4.team/adc_8channel/adc_8channel.runs/impl_1/top.bit} [get_hw_devices xcku040_0]
program_hw_devices [get_hw_devices xcku040_0]
refresh_hw_device [lindex [get_hw_devices xcku040_0] 0]
run_hw_ila [get_hw_ilas -of_objects [get_hw_devices xcku040_0] -filter {CELL_NAME=~"data/uut_1"}]
wait_on_hw_ila [get_hw_ilas -of_objects [get_hw_devices xcku040_0] -filter {CELL_NAME=~"data/uut_1"}]
display_hw_ila_data [upload_hw_ila_data [get_hw_ilas -of_objects [get_hw_devices xcku040_0] -filter {CELL_NAME=~"data/uut_1"}]]
run_hw_ila [get_hw_ilas -of_objects [get_hw_devices xcku040_0] -filter {CELL_NAME=~"data/adc_A_data_package/uut_3"}]
wait_on_hw_ila [get_hw_ilas -of_objects [get_hw_devices xcku040_0] -filter {CELL_NAME=~"data/adc_A_data_package/uut_3"}]
display_hw_ila_data [upload_hw_ila_data [get_hw_ilas -of_objects [get_hw_devices xcku040_0] -filter {CELL_NAME=~"data/adc_A_data_package/uut_3"}]]
add_wave -into {hw_ila_data_17.wcfg} -radix hex { {data/pre_start} }
add_wave -into {hw_ila_data_17.wcfg} -radix hex { {data/cnt_ch} }
add_wave -into {hw_ila_data_17.wcfg} -radix hex { {data/data_cnt} }
reset_run synth_1
launch_runs impl_1 -to_step write_bitstream -jobs 22
wait_on_run impl_1
run_hw_ila [get_hw_ilas -of_objects [get_hw_devices xcku040_0] -filter {CELL_NAME=~"data/uut_1"}]
wait_on_hw_ila [get_hw_ilas -of_objects [get_hw_devices xcku040_0] -filter {CELL_NAME=~"data/uut_1"}]
display_hw_ila_data [upload_hw_ila_data [get_hw_ilas -of_objects [get_hw_devices xcku040_0] -filter {CELL_NAME=~"data/uut_1"}]]
set_property PROBES.FILE {C:/Users/DELL/Desktop/CW4.team/adc_8channel/adc_8channel.runs/impl_1/top.ltx} [get_hw_devices xcku040_0]
set_property FULL_PROBES.FILE {C:/Users/DELL/Desktop/CW4.team/adc_8channel/adc_8channel.runs/impl_1/top.ltx} [get_hw_devices xcku040_0]
set_property PROGRAM.FILE {C:/Users/DELL/Desktop/CW4.team/adc_8channel/adc_8channel.runs/impl_1/top.bit} [get_hw_devices xcku040_0]
program_hw_devices [get_hw_devices xcku040_0]
refresh_hw_device [lindex [get_hw_devices xcku040_0] 0]
run_hw_ila [get_hw_ilas -of_objects [get_hw_devices xcku040_0] -filter {CELL_NAME=~"data/uut_1"}]
wait_on_hw_ila [get_hw_ilas -of_objects [get_hw_devices xcku040_0] -filter {CELL_NAME=~"data/uut_1"}]
display_hw_ila_data [upload_hw_ila_data [get_hw_ilas -of_objects [get_hw_devices xcku040_0] -filter {CELL_NAME=~"data/uut_1"}]]
run_hw_ila [get_hw_ilas -of_objects [get_hw_devices xcku040_0] -filter {CELL_NAME=~"data/uut_1"}]
wait_on_hw_ila [get_hw_ilas -of_objects [get_hw_devices xcku040_0] -filter {CELL_NAME=~"data/uut_1"}]
display_hw_ila_data [upload_hw_ila_data [get_hw_ilas -of_objects [get_hw_devices xcku040_0] -filter {CELL_NAME=~"data/uut_1"}]]
run_hw_ila [get_hw_ilas -of_objects [get_hw_devices xcku040_0] -filter {CELL_NAME=~"data/uut_1"}]
wait_on_hw_ila [get_hw_ilas -of_objects [get_hw_devices xcku040_0] -filter {CELL_NAME=~"data/uut_1"}]
display_hw_ila_data [upload_hw_ila_data [get_hw_ilas -of_objects [get_hw_devices xcku040_0] -filter {CELL_NAME=~"data/uut_1"}]]
run_hw_ila [get_hw_ilas -of_objects [get_hw_devices xcku040_0] -filter {CELL_NAME=~"data/adc_A_data_package/uut_3"}]
wait_on_hw_ila [get_hw_ilas -of_objects [get_hw_devices xcku040_0] -filter {CELL_NAME=~"data/adc_A_data_package/uut_3"}]
display_hw_ila_data [upload_hw_ila_data [get_hw_ilas -of_objects [get_hw_devices xcku040_0] -filter {CELL_NAME=~"data/adc_A_data_package/uut_3"}]]
reset_run synth_1
launch_runs impl_1 -to_step write_bitstream -jobs 22
wait_on_run impl_1
set_property PROBES.FILE {C:/Users/DELL/Desktop/CW4.team/adc_8channel/adc_8channel.runs/impl_1/top.ltx} [get_hw_devices xcku040_0]
set_property FULL_PROBES.FILE {C:/Users/DELL/Desktop/CW4.team/adc_8channel/adc_8channel.runs/impl_1/top.ltx} [get_hw_devices xcku040_0]
set_property PROGRAM.FILE {C:/Users/DELL/Desktop/CW4.team/adc_8channel/adc_8channel.runs/impl_1/top.bit} [get_hw_devices xcku040_0]
program_hw_devices [get_hw_devices xcku040_0]
refresh_hw_device [lindex [get_hw_devices xcku040_0] 0]
run_hw_ila [get_hw_ilas -of_objects [get_hw_devices xcku040_0] -filter {CELL_NAME=~"data/uut_1"}]
wait_on_hw_ila [get_hw_ilas -of_objects [get_hw_devices xcku040_0] -filter {CELL_NAME=~"data/uut_1"}]
display_hw_ila_data [upload_hw_ila_data [get_hw_ilas -of_objects [get_hw_devices xcku040_0] -filter {CELL_NAME=~"data/uut_1"}]]
run_hw_ila [get_hw_ilas -of_objects [get_hw_devices xcku040_0] -filter {CELL_NAME=~"data/uut_1"}]
wait_on_hw_ila [get_hw_ilas -of_objects [get_hw_devices xcku040_0] -filter {CELL_NAME=~"data/uut_1"}]
display_hw_ila_data [upload_hw_ila_data [get_hw_ilas -of_objects [get_hw_devices xcku040_0] -filter {CELL_NAME=~"data/uut_1"}]]
run_hw_ila [get_hw_ilas -of_objects [get_hw_devices xcku040_0] -filter {CELL_NAME=~"data/adc_A_data_package/uut_3"}]
wait_on_hw_ila [get_hw_ilas -of_objects [get_hw_devices xcku040_0] -filter {CELL_NAME=~"data/adc_A_data_package/uut_3"}]
display_hw_ila_data [upload_hw_ila_data [get_hw_ilas -of_objects [get_hw_devices xcku040_0] -filter {CELL_NAME=~"data/adc_A_data_package/uut_3"}]]
run_hw_ila [get_hw_ilas -of_objects [get_hw_devices xcku040_0] -filter {CELL_NAME=~"data/adc_A_data_package/uut_3"}]
wait_on_hw_ila [get_hw_ilas -of_objects [get_hw_devices xcku040_0] -filter {CELL_NAME=~"data/adc_A_data_package/uut_3"}]
display_hw_ila_data [upload_hw_ila_data [get_hw_ilas -of_objects [get_hw_devices xcku040_0] -filter {CELL_NAME=~"data/adc_A_data_package/uut_3"}]]
reset_run synth_1
launch_runs impl_1 -to_step write_bitstream -jobs 22
wait_on_run impl_1
set_property PROBES.FILE {C:/Users/DELL/Desktop/CW4.team/adc_8channel/adc_8channel.runs/impl_1/top.ltx} [get_hw_devices xcku040_0]
set_property FULL_PROBES.FILE {C:/Users/DELL/Desktop/CW4.team/adc_8channel/adc_8channel.runs/impl_1/top.ltx} [get_hw_devices xcku040_0]
set_property PROGRAM.FILE {C:/Users/DELL/Desktop/CW4.team/adc_8channel/adc_8channel.runs/impl_1/top.bit} [get_hw_devices xcku040_0]
program_hw_devices [get_hw_devices xcku040_0]
refresh_hw_device [lindex [get_hw_devices xcku040_0] 0]
display_hw_ila_data [ get_hw_ila_data hw_ila_data_1 -of_objects [get_hw_ilas -of_objects [get_hw_devices xcku040_0] -filter {CELL_NAME=~"data/adc_A_data_package/uut_3"}]]
display_hw_ila_data [ get_hw_ila_data hw_ila_data_2 -of_objects [get_hw_ilas -of_objects [get_hw_devices xcku040_0] -filter {CELL_NAME=~"data/adc_A_data_sample/uut_0"}]]
display_hw_ila_data [ get_hw_ila_data hw_ila_data_3 -of_objects [get_hw_ilas -of_objects [get_hw_devices xcku040_0] -filter {CELL_NAME=~"data/adc_B_data_package/uut_3"}]]
display_hw_ila_data [ get_hw_ila_data hw_ila_data_4 -of_objects [get_hw_ilas -of_objects [get_hw_devices xcku040_0] -filter {CELL_NAME=~"data/adc_B_data_sample/uut_0"}]]
display_hw_ila_data [ get_hw_ila_data hw_ila_data_5 -of_objects [get_hw_ilas -of_objects [get_hw_devices xcku040_0] -filter {CELL_NAME=~"data/adc_C_data_package/uut_3"}]]
display_hw_ila_data [ get_hw_ila_data hw_ila_data_6 -of_objects [get_hw_ilas -of_objects [get_hw_devices xcku040_0] -filter {CELL_NAME=~"data/adc_C_data_sample/uut_0"}]]
display_hw_ila_data [ get_hw_ila_data hw_ila_data_7 -of_objects [get_hw_ilas -of_objects [get_hw_devices xcku040_0] -filter {CELL_NAME=~"data/adc_D_data_package/uut_3"}]]
display_hw_ila_data [ get_hw_ila_data hw_ila_data_8 -of_objects [get_hw_ilas -of_objects [get_hw_devices xcku040_0] -filter {CELL_NAME=~"data/adc_D_data_sample/uut_0"}]]
display_hw_ila_data [ get_hw_ila_data hw_ila_data_9 -of_objects [get_hw_ilas -of_objects [get_hw_devices xcku040_0] -filter {CELL_NAME=~"data/adc_E_data_package/uut_3"}]]
display_hw_ila_data [ get_hw_ila_data hw_ila_data_10 -of_objects [get_hw_ilas -of_objects [get_hw_devices xcku040_0] -filter {CELL_NAME=~"data/adc_E_data_sample/uut_0"}]]
display_hw_ila_data [ get_hw_ila_data hw_ila_data_11 -of_objects [get_hw_ilas -of_objects [get_hw_devices xcku040_0] -filter {CELL_NAME=~"data/adc_F_data_package/uut_3"}]]
display_hw_ila_data [ get_hw_ila_data hw_ila_data_12 -of_objects [get_hw_ilas -of_objects [get_hw_devices xcku040_0] -filter {CELL_NAME=~"data/adc_F_data_sample/uut_0"}]]
display_hw_ila_data [ get_hw_ila_data hw_ila_data_13 -of_objects [get_hw_ilas -of_objects [get_hw_devices xcku040_0] -filter {CELL_NAME=~"data/adc_G_data_package/uut_3"}]]
display_hw_ila_data [ get_hw_ila_data hw_ila_data_14 -of_objects [get_hw_ilas -of_objects [get_hw_devices xcku040_0] -filter {CELL_NAME=~"data/adc_G_data_sample/uut_0"}]]
display_hw_ila_data [ get_hw_ila_data hw_ila_data_15 -of_objects [get_hw_ilas -of_objects [get_hw_devices xcku040_0] -filter {CELL_NAME=~"data/adc_H_data_package/uut_3"}]]
display_hw_ila_data [ get_hw_ila_data hw_ila_data_16 -of_objects [get_hw_ilas -of_objects [get_hw_devices xcku040_0] -filter {CELL_NAME=~"data/adc_H_data_sample/uut_0"}]]
display_hw_ila_data [ get_hw_ila_data hw_ila_data_17 -of_objects [get_hw_ilas -of_objects [get_hw_devices xcku040_0] -filter {CELL_NAME=~"data/uut_1"}]]
run_hw_ila [get_hw_ilas -of_objects [get_hw_devices xcku040_0] -filter {CELL_NAME=~"data/uut_1"}]
wait_on_hw_ila [get_hw_ilas -of_objects [get_hw_devices xcku040_0] -filter {CELL_NAME=~"data/uut_1"}]
display_hw_ila_data [upload_hw_ila_data [get_hw_ilas -of_objects [get_hw_devices xcku040_0] -filter {CELL_NAME=~"data/uut_1"}]]
run_hw_ila [get_hw_ilas -of_objects [get_hw_devices xcku040_0] -filter {CELL_NAME=~"data/adc_A_data_package/uut_3"}]
wait_on_hw_ila [get_hw_ilas -of_objects [get_hw_devices xcku040_0] -filter {CELL_NAME=~"data/adc_A_data_package/uut_3"}]
display_hw_ila_data [upload_hw_ila_data [get_hw_ilas -of_objects [get_hw_devices xcku040_0] -filter {CELL_NAME=~"data/adc_A_data_package/uut_3"}]]
run_hw_ila [get_hw_ilas -of_objects [get_hw_devices xcku040_0] -filter {CELL_NAME=~"data/adc_A_data_package/uut_3"}]
wait_on_hw_ila [get_hw_ilas -of_objects [get_hw_devices xcku040_0] -filter {CELL_NAME=~"data/adc_A_data_package/uut_3"}]
display_hw_ila_data [upload_hw_ila_data [get_hw_ilas -of_objects [get_hw_devices xcku040_0] -filter {CELL_NAME=~"data/adc_A_data_package/uut_3"}]]
run_hw_ila [get_hw_ilas -of_objects [get_hw_devices xcku040_0] -filter {CELL_NAME=~"data/adc_A_data_package/uut_3"}]
wait_on_hw_ila [get_hw_ilas -of_objects [get_hw_devices xcku040_0] -filter {CELL_NAME=~"data/adc_A_data_package/uut_3"}]
display_hw_ila_data [upload_hw_ila_data [get_hw_ilas -of_objects [get_hw_devices xcku040_0] -filter {CELL_NAME=~"data/adc_A_data_package/uut_3"}]]
run_hw_ila [get_hw_ilas -of_objects [get_hw_devices xcku040_0] -filter {CELL_NAME=~"data/adc_A_data_package/uut_3"}]
wait_on_hw_ila [get_hw_ilas -of_objects [get_hw_devices xcku040_0] -filter {CELL_NAME=~"data/adc_A_data_package/uut_3"}]
display_hw_ila_data [upload_hw_ila_data [get_hw_ilas -of_objects [get_hw_devices xcku040_0] -filter {CELL_NAME=~"data/adc_A_data_package/uut_3"}]]
run_hw_ila [get_hw_ilas -of_objects [get_hw_devices xcku040_0] -filter {CELL_NAME=~"data/adc_A_data_package/uut_3"}]
wait_on_hw_ila [get_hw_ilas -of_objects [get_hw_devices xcku040_0] -filter {CELL_NAME=~"data/adc_A_data_package/uut_3"}]
display_hw_ila_data [upload_hw_ila_data [get_hw_ilas -of_objects [get_hw_devices xcku040_0] -filter {CELL_NAME=~"data/adc_A_data_package/uut_3"}]]
run_hw_ila [get_hw_ilas -of_objects [get_hw_devices xcku040_0] -filter {CELL_NAME=~"data/adc_A_data_package/uut_3"}]
wait_on_hw_ila [get_hw_ilas -of_objects [get_hw_devices xcku040_0] -filter {CELL_NAME=~"data/adc_A_data_package/uut_3"}]
display_hw_ila_data [upload_hw_ila_data [get_hw_ilas -of_objects [get_hw_devices xcku040_0] -filter {CELL_NAME=~"data/adc_A_data_package/uut_3"}]]
run_hw_ila [get_hw_ilas -of_objects [get_hw_devices xcku040_0] -filter {CELL_NAME=~"data/adc_A_data_package/uut_3"}]
wait_on_hw_ila [get_hw_ilas -of_objects [get_hw_devices xcku040_0] -filter {CELL_NAME=~"data/adc_A_data_package/uut_3"}]
display_hw_ila_data [upload_hw_ila_data [get_hw_ilas -of_objects [get_hw_devices xcku040_0] -filter {CELL_NAME=~"data/adc_A_data_package/uut_3"}]]
run_hw_ila [get_hw_ilas -of_objects [get_hw_devices xcku040_0] -filter {CELL_NAME=~"data/uut_1"}]
wait_on_hw_ila [get_hw_ilas -of_objects [get_hw_devices xcku040_0] -filter {CELL_NAME=~"data/uut_1"}]
display_hw_ila_data [upload_hw_ila_data [get_hw_ilas -of_objects [get_hw_devices xcku040_0] -filter {CELL_NAME=~"data/uut_1"}]]
run_hw_ila [get_hw_ilas -of_objects [get_hw_devices xcku040_0] -filter {CELL_NAME=~"data/uut_1"}]
wait_on_hw_ila [get_hw_ilas -of_objects [get_hw_devices xcku040_0] -filter {CELL_NAME=~"data/uut_1"}]
display_hw_ila_data [upload_hw_ila_data [get_hw_ilas -of_objects [get_hw_devices xcku040_0] -filter {CELL_NAME=~"data/uut_1"}]]
run_hw_ila [get_hw_ilas -of_objects [get_hw_devices xcku040_0] -filter {CELL_NAME=~"data/uut_1"}]
wait_on_hw_ila [get_hw_ilas -of_objects [get_hw_devices xcku040_0] -filter {CELL_NAME=~"data/uut_1"}]
display_hw_ila_data [upload_hw_ila_data [get_hw_ilas -of_objects [get_hw_devices xcku040_0] -filter {CELL_NAME=~"data/uut_1"}]]
run_hw_ila [get_hw_ilas -of_objects [get_hw_devices xcku040_0] -filter {CELL_NAME=~"data/adc_A_data_package/uut_3"}]
wait_on_hw_ila [get_hw_ilas -of_objects [get_hw_devices xcku040_0] -filter {CELL_NAME=~"data/adc_A_data_package/uut_3"}]
display_hw_ila_data [upload_hw_ila_data [get_hw_ilas -of_objects [get_hw_devices xcku040_0] -filter {CELL_NAME=~"data/adc_A_data_package/uut_3"}]]
run_hw_ila [get_hw_ilas -of_objects [get_hw_devices xcku040_0] -filter {CELL_NAME=~"data/uut_1"}]
run_hw_ila [get_hw_ilas -of_objects [get_hw_devices xcku040_0] -filter {CELL_NAME=~"data/adc_A_data_package/uut_3"}]
wait_on_hw_ila [get_hw_ilas -of_objects [get_hw_devices xcku040_0] -filter {CELL_NAME=~"data/adc_A_data_package/uut_3"}]\
  [get_hw_ilas -of_objects [get_hw_devices xcku040_0] -filter {CELL_NAME=~"data/uut_1"}]
display_hw_ila_data [upload_hw_ila_data [get_hw_ilas -of_objects [get_hw_devices xcku040_0] -filter {CELL_NAME=~"data/adc_A_data_package/uut_3"}]]
display_hw_ila_data [upload_hw_ila_data [get_hw_ilas -of_objects [get_hw_devices xcku040_0] -filter {CELL_NAME=~"data/uut_1"}]]
set_property TRIGGER_COMPARE_VALUE eq12'hXXX [get_hw_probes data/adc_A_data_package/adc_data -of_objects [get_hw_ilas -of_objects [get_hw_devices xcku040_0] -filter {CELL_NAME=~"data/adc_A_data_package/uut_3"}]]
run_hw_ila [get_hw_ilas -of_objects [get_hw_devices xcku040_0] -filter {CELL_NAME=~"data/adc_A_data_package/uut_3"}]
wait_on_hw_ila [get_hw_ilas -of_objects [get_hw_devices xcku040_0] -filter {CELL_NAME=~"data/adc_A_data_package/uut_3"}]
display_hw_ila_data [upload_hw_ila_data [get_hw_ilas -of_objects [get_hw_devices xcku040_0] -filter {CELL_NAME=~"data/adc_A_data_package/uut_3"}]]
run_hw_ila [get_hw_ilas -of_objects [get_hw_devices xcku040_0] -filter {CELL_NAME=~"data/adc_A_data_package/uut_3"}]
wait_on_hw_ila [get_hw_ilas -of_objects [get_hw_devices xcku040_0] -filter {CELL_NAME=~"data/adc_A_data_package/uut_3"}]
display_hw_ila_data [upload_hw_ila_data [get_hw_ilas -of_objects [get_hw_devices xcku040_0] -filter {CELL_NAME=~"data/adc_A_data_package/uut_3"}]]
run_hw_ila [get_hw_ilas -of_objects [get_hw_devices xcku040_0] -filter {CELL_NAME=~"data/adc_A_data_package/uut_3"}]
wait_on_hw_ila [get_hw_ilas -of_objects [get_hw_devices xcku040_0] -filter {CELL_NAME=~"data/adc_A_data_package/uut_3"}]
display_hw_ila_data [upload_hw_ila_data [get_hw_ilas -of_objects [get_hw_devices xcku040_0] -filter {CELL_NAME=~"data/adc_A_data_package/uut_3"}]]
set_property TRIGGER_COMPARE_VALUE eq4'hX [get_hw_probes data/state34 -of_objects [get_hw_ilas -of_objects [get_hw_devices xcku040_0] -filter {CELL_NAME=~"data/uut_1"}]]
run_hw_ila [get_hw_ilas -of_objects [get_hw_devices xcku040_0] -filter {CELL_NAME=~"data/uut_1"}]
wait_on_hw_ila [get_hw_ilas -of_objects [get_hw_devices xcku040_0] -filter {CELL_NAME=~"data/uut_1"}]
display_hw_ila_data [upload_hw_ila_data [get_hw_ilas -of_objects [get_hw_devices xcku040_0] -filter {CELL_NAME=~"data/uut_1"}]]
run_hw_ila [get_hw_ilas -of_objects [get_hw_devices xcku040_0] -filter {CELL_NAME=~"data/uut_1"}]
wait_on_hw_ila [get_hw_ilas -of_objects [get_hw_devices xcku040_0] -filter {CELL_NAME=~"data/uut_1"}]
display_hw_ila_data [upload_hw_ila_data [get_hw_ilas -of_objects [get_hw_devices xcku040_0] -filter {CELL_NAME=~"data/uut_1"}]]
run_hw_ila [get_hw_ilas -of_objects [get_hw_devices xcku040_0] -filter {CELL_NAME=~"data/uut_1"}]
wait_on_hw_ila [get_hw_ilas -of_objects [get_hw_devices xcku040_0] -filter {CELL_NAME=~"data/uut_1"}]
display_hw_ila_data [upload_hw_ila_data [get_hw_ilas -of_objects [get_hw_devices xcku040_0] -filter {CELL_NAME=~"data/uut_1"}]]
run_hw_ila [get_hw_ilas -of_objects [get_hw_devices xcku040_0] -filter {CELL_NAME=~"data/uut_1"}]
wait_on_hw_ila [get_hw_ilas -of_objects [get_hw_devices xcku040_0] -filter {CELL_NAME=~"data/uut_1"}]
display_hw_ila_data [upload_hw_ila_data [get_hw_ilas -of_objects [get_hw_devices xcku040_0] -filter {CELL_NAME=~"data/uut_1"}]]
run_hw_ila [get_hw_ilas -of_objects [get_hw_devices xcku040_0] -filter {CELL_NAME=~"data/uut_1"}]
wait_on_hw_ila [get_hw_ilas -of_objects [get_hw_devices xcku040_0] -filter {CELL_NAME=~"data/uut_1"}]
display_hw_ila_data [upload_hw_ila_data [get_hw_ilas -of_objects [get_hw_devices xcku040_0] -filter {CELL_NAME=~"data/uut_1"}]]
run_hw_ila [get_hw_ilas -of_objects [get_hw_devices xcku040_0] -filter {CELL_NAME=~"data/uut_1"}]
wait_on_hw_ila [get_hw_ilas -of_objects [get_hw_devices xcku040_0] -filter {CELL_NAME=~"data/uut_1"}]
display_hw_ila_data [upload_hw_ila_data [get_hw_ilas -of_objects [get_hw_devices xcku040_0] -filter {CELL_NAME=~"data/uut_1"}]]
run_hw_ila [get_hw_ilas -of_objects [get_hw_devices xcku040_0] -filter {CELL_NAME=~"data/uut_1"}]
wait_on_hw_ila [get_hw_ilas -of_objects [get_hw_devices xcku040_0] -filter {CELL_NAME=~"data/uut_1"}]
display_hw_ila_data [upload_hw_ila_data [get_hw_ilas -of_objects [get_hw_devices xcku040_0] -filter {CELL_NAME=~"data/uut_1"}]]
run_hw_ila [get_hw_ilas -of_objects [get_hw_devices xcku040_0] -filter {CELL_NAME=~"data/uut_1"}]
wait_on_hw_ila [get_hw_ilas -of_objects [get_hw_devices xcku040_0] -filter {CELL_NAME=~"data/uut_1"}]
display_hw_ila_data [upload_hw_ila_data [get_hw_ilas -of_objects [get_hw_devices xcku040_0] -filter {CELL_NAME=~"data/uut_1"}]]
run_hw_ila [get_hw_ilas -of_objects [get_hw_devices xcku040_0] -filter {CELL_NAME=~"data/uut_1"}]
wait_on_hw_ila [get_hw_ilas -of_objects [get_hw_devices xcku040_0] -filter {CELL_NAME=~"data/uut_1"}]
display_hw_ila_data [upload_hw_ila_data [get_hw_ilas -of_objects [get_hw_devices xcku040_0] -filter {CELL_NAME=~"data/uut_1"}]]
run_hw_ila [get_hw_ilas -of_objects [get_hw_devices xcku040_0] -filter {CELL_NAME=~"data/uut_1"}]
wait_on_hw_ila [get_hw_ilas -of_objects [get_hw_devices xcku040_0] -filter {CELL_NAME=~"data/uut_1"}]
display_hw_ila_data [upload_hw_ila_data [get_hw_ilas -of_objects [get_hw_devices xcku040_0] -filter {CELL_NAME=~"data/uut_1"}]]
run_hw_ila [get_hw_ilas -of_objects [get_hw_devices xcku040_0] -filter {CELL_NAME=~"data/uut_1"}]
wait_on_hw_ila [get_hw_ilas -of_objects [get_hw_devices xcku040_0] -filter {CELL_NAME=~"data/uut_1"}]
display_hw_ila_data [upload_hw_ila_data [get_hw_ilas -of_objects [get_hw_devices xcku040_0] -filter {CELL_NAME=~"data/uut_1"}]]
run_hw_ila [get_hw_ilas -of_objects [get_hw_devices xcku040_0] -filter {CELL_NAME=~"data/uut_1"}]
wait_on_hw_ila [get_hw_ilas -of_objects [get_hw_devices xcku040_0] -filter {CELL_NAME=~"data/uut_1"}]
display_hw_ila_data [upload_hw_ila_data [get_hw_ilas -of_objects [get_hw_devices xcku040_0] -filter {CELL_NAME=~"data/uut_1"}]]
run_hw_ila [get_hw_ilas -of_objects [get_hw_devices xcku040_0] -filter {CELL_NAME=~"data/uut_1"}]
wait_on_hw_ila [get_hw_ilas -of_objects [get_hw_devices xcku040_0] -filter {CELL_NAME=~"data/uut_1"}]
display_hw_ila_data [upload_hw_ila_data [get_hw_ilas -of_objects [get_hw_devices xcku040_0] -filter {CELL_NAME=~"data/uut_1"}]]
set_property TRIGGER_COMPARE_VALUE eq64'bXXXX_XXXX_XXXX_XXXX_XXXX_XXXX_XXXX_XXXX_XXXX_XXXX_XXXX_XXXX_XXXX_XXXX_XXXX_XXXX [get_hw_probes data/ttt_out -of_objects [get_hw_ilas -of_objects [get_hw_devices xcku040_0] -filter {CELL_NAME=~"data/uut_1"}]]
set_property TRIGGER_COMPARE_VALUE neq64'bXXXX_XXXX_XXXX_XXXX_XXXX_XXXX_XXXX_XXXX_XXXX_XXXX_XXXX_XXXX_XXXX_XXXX_XXXX_XXXX [get_hw_probes data/ttt_out -of_objects [get_hw_ilas -of_objects [get_hw_devices xcku040_0] -filter {CELL_NAME=~"data/uut_1"}]]
set_property TRIGGER_COMPARE_VALUE eq64'hXXXX_XXXX_XXXX_XXXX [get_hw_probes data/ttt_out -of_objects [get_hw_ilas -of_objects [get_hw_devices xcku040_0] -filter {CELL_NAME=~"data/uut_1"}]]
set_property TRIGGER_COMPARE_VALUE eq4'h1 [get_hw_probes data/next_state34 -of_objects [get_hw_ilas -of_objects [get_hw_devices xcku040_0] -filter {CELL_NAME=~"data/uut_1"}]]
run_hw_ila [get_hw_ilas -of_objects [get_hw_devices xcku040_0] -filter {CELL_NAME=~"data/uut_1"}]
wait_on_hw_ila [get_hw_ilas -of_objects [get_hw_devices xcku040_0] -filter {CELL_NAME=~"data/uut_1"}]
display_hw_ila_data [upload_hw_ila_data [get_hw_ilas -of_objects [get_hw_devices xcku040_0] -filter {CELL_NAME=~"data/uut_1"}]]
run_hw_ila [get_hw_ilas -of_objects [get_hw_devices xcku040_0] -filter {CELL_NAME=~"data/uut_1"}]
run_hw_ila [get_hw_ilas -of_objects [get_hw_devices xcku040_0] -filter {CELL_NAME=~"data/adc_A_data_package/uut_3"}]
wait_on_hw_ila [get_hw_ilas -of_objects [get_hw_devices xcku040_0] -filter {CELL_NAME=~"data/adc_A_data_package/uut_3"}]
display_hw_ila_data [upload_hw_ila_data [get_hw_ilas -of_objects [get_hw_devices xcku040_0] -filter {CELL_NAME=~"data/adc_A_data_package/uut_3"}]]
wait_on_hw_ila [get_hw_ilas -of_objects [get_hw_devices xcku040_0] -filter {CELL_NAME=~"data/uut_1"}]
display_hw_ila_data [upload_hw_ila_data [get_hw_ilas -of_objects [get_hw_devices xcku040_0] -filter {CELL_NAME=~"data/uut_1"}]]
run_hw_ila [get_hw_ilas -of_objects [get_hw_devices xcku040_0] -filter {CELL_NAME=~"data/uut_1"}]
wait_on_hw_ila [get_hw_ilas -of_objects [get_hw_devices xcku040_0] -filter {CELL_NAME=~"data/uut_1"}]
display_hw_ila_data [upload_hw_ila_data [get_hw_ilas -of_objects [get_hw_devices xcku040_0] -filter {CELL_NAME=~"data/uut_1"}]]
run_hw_ila [get_hw_ilas -of_objects [get_hw_devices xcku040_0] -filter {CELL_NAME=~"data/uut_1"}]
wait_on_hw_ila [get_hw_ilas -of_objects [get_hw_devices xcku040_0] -filter {CELL_NAME=~"data/uut_1"}]
display_hw_ila_data [upload_hw_ila_data [get_hw_ilas -of_objects [get_hw_devices xcku040_0] -filter {CELL_NAME=~"data/uut_1"}]]
run_hw_ila [get_hw_ilas -of_objects [get_hw_devices xcku040_0] -filter {CELL_NAME=~"data/uut_1"}]
wait_on_hw_ila [get_hw_ilas -of_objects [get_hw_devices xcku040_0] -filter {CELL_NAME=~"data/uut_1"}]
display_hw_ila_data [upload_hw_ila_data [get_hw_ilas -of_objects [get_hw_devices xcku040_0] -filter {CELL_NAME=~"data/uut_1"}]]
run_hw_ila [get_hw_ilas -of_objects [get_hw_devices xcku040_0] -filter {CELL_NAME=~"data/uut_1"}]
wait_on_hw_ila [get_hw_ilas -of_objects [get_hw_devices xcku040_0] -filter {CELL_NAME=~"data/uut_1"}]
display_hw_ila_data [upload_hw_ila_data [get_hw_ilas -of_objects [get_hw_devices xcku040_0] -filter {CELL_NAME=~"data/uut_1"}]]
run_hw_ila [get_hw_ilas -of_objects [get_hw_devices xcku040_0] -filter {CELL_NAME=~"data/uut_1"}]
wait_on_hw_ila [get_hw_ilas -of_objects [get_hw_devices xcku040_0] -filter {CELL_NAME=~"data/uut_1"}]
display_hw_ila_data [upload_hw_ila_data [get_hw_ilas -of_objects [get_hw_devices xcku040_0] -filter {CELL_NAME=~"data/uut_1"}]]
run_hw_ila [get_hw_ilas -of_objects [get_hw_devices xcku040_0] -filter {CELL_NAME=~"data/uut_1"}]
wait_on_hw_ila [get_hw_ilas -of_objects [get_hw_devices xcku040_0] -filter {CELL_NAME=~"data/uut_1"}]
display_hw_ila_data [upload_hw_ila_data [get_hw_ilas -of_objects [get_hw_devices xcku040_0] -filter {CELL_NAME=~"data/uut_1"}]]
run_hw_ila [get_hw_ilas -of_objects [get_hw_devices xcku040_0] -filter {CELL_NAME=~"data/uut_1"}]
wait_on_hw_ila [get_hw_ilas -of_objects [get_hw_devices xcku040_0] -filter {CELL_NAME=~"data/uut_1"}]
display_hw_ila_data [upload_hw_ila_data [get_hw_ilas -of_objects [get_hw_devices xcku040_0] -filter {CELL_NAME=~"data/uut_1"}]]
run_hw_ila [get_hw_ilas -of_objects [get_hw_devices xcku040_0] -filter {CELL_NAME=~"data/uut_1"}]
wait_on_hw_ila [get_hw_ilas -of_objects [get_hw_devices xcku040_0] -filter {CELL_NAME=~"data/uut_1"}]
display_hw_ila_data [upload_hw_ila_data [get_hw_ilas -of_objects [get_hw_devices xcku040_0] -filter {CELL_NAME=~"data/uut_1"}]]
run_hw_ila [get_hw_ilas -of_objects [get_hw_devices xcku040_0] -filter {CELL_NAME=~"data/uut_1"}]
wait_on_hw_ila [get_hw_ilas -of_objects [get_hw_devices xcku040_0] -filter {CELL_NAME=~"data/uut_1"}]
display_hw_ila_data [upload_hw_ila_data [get_hw_ilas -of_objects [get_hw_devices xcku040_0] -filter {CELL_NAME=~"data/uut_1"}]]
run_hw_ila [get_hw_ilas -of_objects [get_hw_devices xcku040_0] -filter {CELL_NAME=~"data/uut_1"}]
wait_on_hw_ila [get_hw_ilas -of_objects [get_hw_devices xcku040_0] -filter {CELL_NAME=~"data/uut_1"}]
display_hw_ila_data [upload_hw_ila_data [get_hw_ilas -of_objects [get_hw_devices xcku040_0] -filter {CELL_NAME=~"data/uut_1"}]]
run_hw_ila [get_hw_ilas -of_objects [get_hw_devices xcku040_0] -filter {CELL_NAME=~"data/uut_1"}]
wait_on_hw_ila [get_hw_ilas -of_objects [get_hw_devices xcku040_0] -filter {CELL_NAME=~"data/uut_1"}]
display_hw_ila_data [upload_hw_ila_data [get_hw_ilas -of_objects [get_hw_devices xcku040_0] -filter {CELL_NAME=~"data/uut_1"}]]
run_hw_ila [get_hw_ilas -of_objects [get_hw_devices xcku040_0] -filter {CELL_NAME=~"data/uut_1"}]
wait_on_hw_ila [get_hw_ilas -of_objects [get_hw_devices xcku040_0] -filter {CELL_NAME=~"data/uut_1"}]
display_hw_ila_data [upload_hw_ila_data [get_hw_ilas -of_objects [get_hw_devices xcku040_0] -filter {CELL_NAME=~"data/uut_1"}]]
run_hw_ila [get_hw_ilas -of_objects [get_hw_devices xcku040_0] -filter {CELL_NAME=~"data/uut_1"}]
wait_on_hw_ila [get_hw_ilas -of_objects [get_hw_devices xcku040_0] -filter {CELL_NAME=~"data/uut_1"}]
display_hw_ila_data [upload_hw_ila_data [get_hw_ilas -of_objects [get_hw_devices xcku040_0] -filter {CELL_NAME=~"data/uut_1"}]]
run_hw_ila [get_hw_ilas -of_objects [get_hw_devices xcku040_0] -filter {CELL_NAME=~"data/uut_1"}]
wait_on_hw_ila [get_hw_ilas -of_objects [get_hw_devices xcku040_0] -filter {CELL_NAME=~"data/uut_1"}]
display_hw_ila_data [upload_hw_ila_data [get_hw_ilas -of_objects [get_hw_devices xcku040_0] -filter {CELL_NAME=~"data/uut_1"}]]
set_property -dict [list CONFIG.C_NUM_OF_PROBES {15}] [get_ips ila_1]
generate_target all [get_files  C:/Users/DELL/Desktop/CW4.team/adc_8channel/adc_8channel.srcs/sources_1/ip/ila_1/ila_1.xci]
catch { config_ip_cache -export [get_ips -all ila_1] }
export_ip_user_files -of_objects [get_files C:/Users/DELL/Desktop/CW4.team/adc_8channel/adc_8channel.srcs/sources_1/ip/ila_1/ila_1.xci] -no_script -sync -force -quiet
reset_run ila_1_synth_1
launch_runs -jobs 22 ila_1_synth_1
export_simulation -of_objects [get_files C:/Users/DELL/Desktop/CW4.team/adc_8channel/adc_8channel.srcs/sources_1/ip/ila_1/ila_1.xci] -directory C:/Users/DELL/Desktop/CW4.team/adc_8channel/adc_8channel.ip_user_files/sim_scripts -ip_user_files_dir C:/Users/DELL/Desktop/CW4.team/adc_8channel/adc_8channel.ip_user_files -ipstatic_source_dir C:/Users/DELL/Desktop/CW4.team/adc_8channel/adc_8channel.ip_user_files/ipstatic -lib_map_path [list {modelsim=C:/Users/DELL/Desktop/CW4.team/adc_8channel/adc_8channel.cache/compile_simlib/modelsim} {questa=C:/Users/DELL/Desktop/CW4.team/adc_8channel/adc_8channel.cache/compile_simlib/questa} {riviera=C:/Users/DELL/Desktop/CW4.team/adc_8channel/adc_8channel.cache/compile_simlib/riviera} {activehdl=C:/Users/DELL/Desktop/CW4.team/adc_8channel/adc_8channel.cache/compile_simlib/activehdl}] -use_ip_compiled_libs -force -quiet
reset_run synth_1
launch_runs impl_1 -to_step write_bitstream -jobs 22
wait_on_run impl_1
set_property PROBES.FILE {C:/Users/DELL/Desktop/CW4.team/adc_8channel/adc_8channel.runs/impl_1/top.ltx} [get_hw_devices xcku040_0]
set_property FULL_PROBES.FILE {C:/Users/DELL/Desktop/CW4.team/adc_8channel/adc_8channel.runs/impl_1/top.ltx} [get_hw_devices xcku040_0]
set_property PROGRAM.FILE {C:/Users/DELL/Desktop/CW4.team/adc_8channel/adc_8channel.runs/impl_1/top.bit} [get_hw_devices xcku040_0]
program_hw_devices [get_hw_devices xcku040_0]
refresh_hw_device [lindex [get_hw_devices xcku040_0] 0]
run_hw_ila [get_hw_ilas -of_objects [get_hw_devices xcku040_0] -filter {CELL_NAME=~"data/uut_1"}]
wait_on_hw_ila [get_hw_ilas -of_objects [get_hw_devices xcku040_0] -filter {CELL_NAME=~"data/uut_1"}]
display_hw_ila_data [upload_hw_ila_data [get_hw_ilas -of_objects [get_hw_devices xcku040_0] -filter {CELL_NAME=~"data/uut_1"}]]
run_hw_ila [get_hw_ilas -of_objects [get_hw_devices xcku040_0] -filter {CELL_NAME=~"data/uut_1"}]
wait_on_hw_ila [get_hw_ilas -of_objects [get_hw_devices xcku040_0] -filter {CELL_NAME=~"data/uut_1"}]
display_hw_ila_data [upload_hw_ila_data [get_hw_ilas -of_objects [get_hw_devices xcku040_0] -filter {CELL_NAME=~"data/uut_1"}]]
add_wave -into {hw_ila_data_17.wcfg} -radix hex { {data/adc_A_rd_fifo3} }
run_hw_ila [get_hw_ilas -of_objects [get_hw_devices xcku040_0] -filter {CELL_NAME=~"data/adc_A_data_package/uut_3"}]
wait_on_hw_ila [get_hw_ilas -of_objects [get_hw_devices xcku040_0] -filter {CELL_NAME=~"data/adc_A_data_package/uut_3"}]
display_hw_ila_data [upload_hw_ila_data [get_hw_ilas -of_objects [get_hw_devices xcku040_0] -filter {CELL_NAME=~"data/adc_A_data_package/uut_3"}]]
run_hw_ila [get_hw_ilas -of_objects [get_hw_devices xcku040_0] -filter {CELL_NAME=~"data/adc_A_data_package/uut_3"}]
wait_on_hw_ila [get_hw_ilas -of_objects [get_hw_devices xcku040_0] -filter {CELL_NAME=~"data/adc_A_data_package/uut_3"}]
display_hw_ila_data [upload_hw_ila_data [get_hw_ilas -of_objects [get_hw_devices xcku040_0] -filter {CELL_NAME=~"data/adc_A_data_package/uut_3"}]]
set_property TRIGGER_COMPARE_VALUE eq12'oXXXX [get_hw_probes data/adc_A_data_package/adc_data -of_objects [get_hw_ilas -of_objects [get_hw_devices xcku040_0] -filter {CELL_NAME=~"data/adc_A_data_package/uut_3"}]]
set_property TRIGGER_COMPARE_VALUE eq12'u0 [get_hw_probes data/adc_A_data_package/adc_data -of_objects [get_hw_ilas -of_objects [get_hw_devices xcku040_0] -filter {CELL_NAME=~"data/adc_A_data_package/uut_3"}]]
set_property TRIGGER_COMPARE_VALUE eq12'u1000 [get_hw_probes data/adc_A_data_package/adc_data -of_objects [get_hw_ilas -of_objects [get_hw_devices xcku040_0] -filter {CELL_NAME=~"data/adc_A_data_package/uut_3"}]]
run_hw_ila [get_hw_ilas -of_objects [get_hw_devices xcku040_0] -filter {CELL_NAME=~"data/adc_A_data_package/uut_3"}]
set_property TRIGGER_COMPARE_VALUE lteq12'u1000 [get_hw_probes data/adc_A_data_package/adc_data -of_objects [get_hw_ilas -of_objects [get_hw_devices xcku040_0] -filter {CELL_NAME=~"data/adc_A_data_package/uut_3"}]]
wait_on_hw_ila -timeout 0 [get_hw_ilas -of_objects [get_hw_devices xcku040_0] -filter {CELL_NAME=~"data/adc_A_data_package/uut_3"}]
upload_hw_ila_data [get_hw_ilas -of_objects [get_hw_devices xcku040_0] -filter {CELL_NAME=~"data/adc_A_data_package/uut_3"}]
run_hw_ila [get_hw_ilas -of_objects [get_hw_devices xcku040_0] -filter {CELL_NAME=~"data/adc_A_data_package/uut_3"}]
wait_on_hw_ila [get_hw_ilas -of_objects [get_hw_devices xcku040_0] -filter {CELL_NAME=~"data/adc_A_data_package/uut_3"}]
display_hw_ila_data [upload_hw_ila_data [get_hw_ilas -of_objects [get_hw_devices xcku040_0] -filter {CELL_NAME=~"data/adc_A_data_package/uut_3"}]]
run_hw_ila [get_hw_ilas -of_objects [get_hw_devices xcku040_0] -filter {CELL_NAME=~"data/adc_A_data_package/uut_3"}]
wait_on_hw_ila [get_hw_ilas -of_objects [get_hw_devices xcku040_0] -filter {CELL_NAME=~"data/adc_A_data_package/uut_3"}]
display_hw_ila_data [upload_hw_ila_data [get_hw_ilas -of_objects [get_hw_devices xcku040_0] -filter {CELL_NAME=~"data/adc_A_data_package/uut_3"}]]
run_hw_ila [get_hw_ilas -of_objects [get_hw_devices xcku040_0] -filter {CELL_NAME=~"data/adc_A_data_package/uut_3"}]
wait_on_hw_ila [get_hw_ilas -of_objects [get_hw_devices xcku040_0] -filter {CELL_NAME=~"data/adc_A_data_package/uut_3"}]
display_hw_ila_data [upload_hw_ila_data [get_hw_ilas -of_objects [get_hw_devices xcku040_0] -filter {CELL_NAME=~"data/adc_A_data_package/uut_3"}]]
run_hw_ila [get_hw_ilas -of_objects [get_hw_devices xcku040_0] -filter {CELL_NAME=~"data/uut_1"}]
wait_on_hw_ila [get_hw_ilas -of_objects [get_hw_devices xcku040_0] -filter {CELL_NAME=~"data/uut_1"}]
display_hw_ila_data [upload_hw_ila_data [get_hw_ilas -of_objects [get_hw_devices xcku040_0] -filter {CELL_NAME=~"data/uut_1"}]]
run_hw_ila [get_hw_ilas -of_objects [get_hw_devices xcku040_0] -filter {CELL_NAME=~"data/uut_1"}]
wait_on_hw_ila [get_hw_ilas -of_objects [get_hw_devices xcku040_0] -filter {CELL_NAME=~"data/uut_1"}]
display_hw_ila_data [upload_hw_ila_data [get_hw_ilas -of_objects [get_hw_devices xcku040_0] -filter {CELL_NAME=~"data/uut_1"}]]
run_hw_ila [get_hw_ilas -of_objects [get_hw_devices xcku040_0] -filter {CELL_NAME=~"data/adc_A_data_package/uut_3"}]
wait_on_hw_ila [get_hw_ilas -of_objects [get_hw_devices xcku040_0] -filter {CELL_NAME=~"data/adc_A_data_package/uut_3"}]
display_hw_ila_data [upload_hw_ila_data [get_hw_ilas -of_objects [get_hw_devices xcku040_0] -filter {CELL_NAME=~"data/adc_A_data_package/uut_3"}]]
reset_run synth_1
launch_runs impl_1 -to_step write_bitstream -jobs 22
wait_on_run impl_1
set_property PROBES.FILE {C:/Users/DELL/Desktop/CW4.team/adc_8channel/adc_8channel.runs/impl_1/top.ltx} [get_hw_devices xcku040_0]
set_property FULL_PROBES.FILE {C:/Users/DELL/Desktop/CW4.team/adc_8channel/adc_8channel.runs/impl_1/top.ltx} [get_hw_devices xcku040_0]
set_property PROGRAM.FILE {C:/Users/DELL/Desktop/CW4.team/adc_8channel/adc_8channel.runs/impl_1/top.bit} [get_hw_devices xcku040_0]
program_hw_devices [get_hw_devices xcku040_0]
refresh_hw_device [lindex [get_hw_devices xcku040_0] 0]
run_hw_ila [get_hw_ilas -of_objects [get_hw_devices xcku040_0] -filter {CELL_NAME=~"data/uut_1"}]
wait_on_hw_ila [get_hw_ilas -of_objects [get_hw_devices xcku040_0] -filter {CELL_NAME=~"data/uut_1"}]
display_hw_ila_data [upload_hw_ila_data [get_hw_ilas -of_objects [get_hw_devices xcku040_0] -filter {CELL_NAME=~"data/uut_1"}]]
run_hw_ila [get_hw_ilas -of_objects [get_hw_devices xcku040_0] -filter {CELL_NAME=~"data/uut_1"}]
wait_on_hw_ila [get_hw_ilas -of_objects [get_hw_devices xcku040_0] -filter {CELL_NAME=~"data/uut_1"}]
display_hw_ila_data [upload_hw_ila_data [get_hw_ilas -of_objects [get_hw_devices xcku040_0] -filter {CELL_NAME=~"data/uut_1"}]]
run_hw_ila [get_hw_ilas -of_objects [get_hw_devices xcku040_0] -filter {CELL_NAME=~"data/adc_A_data_package/uut_3"}]
wait_on_hw_ila [get_hw_ilas -of_objects [get_hw_devices xcku040_0] -filter {CELL_NAME=~"data/adc_A_data_package/uut_3"}]
display_hw_ila_data [upload_hw_ila_data [get_hw_ilas -of_objects [get_hw_devices xcku040_0] -filter {CELL_NAME=~"data/adc_A_data_package/uut_3"}]]
run_hw_ila [get_hw_ilas -of_objects [get_hw_devices xcku040_0] -filter {CELL_NAME=~"data/uut_1"}]
wait_on_hw_ila [get_hw_ilas -of_objects [get_hw_devices xcku040_0] -filter {CELL_NAME=~"data/uut_1"}]
display_hw_ila_data [upload_hw_ila_data [get_hw_ilas -of_objects [get_hw_devices xcku040_0] -filter {CELL_NAME=~"data/uut_1"}]]
run_hw_ila [get_hw_ilas -of_objects [get_hw_devices xcku040_0] -filter {CELL_NAME=~"data/uut_1"}]
wait_on_hw_ila [get_hw_ilas -of_objects [get_hw_devices xcku040_0] -filter {CELL_NAME=~"data/uut_1"}]
display_hw_ila_data [upload_hw_ila_data [get_hw_ilas -of_objects [get_hw_devices xcku040_0] -filter {CELL_NAME=~"data/uut_1"}]]
reset_run synth_1
launch_runs impl_1 -to_step write_bitstream -jobs 22
wait_on_run impl_1
reset_run impl_1
reset_run synth_1
launch_runs impl_1 -to_step write_bitstream -jobs 22
wait_on_run impl_1
set_property PROBES.FILE {C:/Users/DELL/Desktop/CW4.team/adc_8channel/adc_8channel.runs/impl_1/top.ltx} [get_hw_devices xcku040_0]
set_property FULL_PROBES.FILE {C:/Users/DELL/Desktop/CW4.team/adc_8channel/adc_8channel.runs/impl_1/top.ltx} [get_hw_devices xcku040_0]
set_property PROGRAM.FILE {C:/Users/DELL/Desktop/CW4.team/adc_8channel/adc_8channel.runs/impl_1/top.bit} [get_hw_devices xcku040_0]
program_hw_devices [get_hw_devices xcku040_0]
refresh_hw_device [lindex [get_hw_devices xcku040_0] 0]
run_hw_ila [get_hw_ilas -of_objects [get_hw_devices xcku040_0] -filter {CELL_NAME=~"data/uut_1"}]
wait_on_hw_ila [get_hw_ilas -of_objects [get_hw_devices xcku040_0] -filter {CELL_NAME=~"data/uut_1"}]
display_hw_ila_data [upload_hw_ila_data [get_hw_ilas -of_objects [get_hw_devices xcku040_0] -filter {CELL_NAME=~"data/uut_1"}]]
run_hw_ila [get_hw_ilas -of_objects [get_hw_devices xcku040_0] -filter {CELL_NAME=~"data/uut_1"}]
wait_on_hw_ila [get_hw_ilas -of_objects [get_hw_devices xcku040_0] -filter {CELL_NAME=~"data/uut_1"}]
display_hw_ila_data [upload_hw_ila_data [get_hw_ilas -of_objects [get_hw_devices xcku040_0] -filter {CELL_NAME=~"data/uut_1"}]]
run_hw_ila [get_hw_ilas -of_objects [get_hw_devices xcku040_0] -filter {CELL_NAME=~"data/uut_1"}]
wait_on_hw_ila [get_hw_ilas -of_objects [get_hw_devices xcku040_0] -filter {CELL_NAME=~"data/uut_1"}]
display_hw_ila_data [upload_hw_ila_data [get_hw_ilas -of_objects [get_hw_devices xcku040_0] -filter {CELL_NAME=~"data/uut_1"}]]
run_hw_ila [get_hw_ilas -of_objects [get_hw_devices xcku040_0] -filter {CELL_NAME=~"data/uut_1"}]
wait_on_hw_ila [get_hw_ilas -of_objects [get_hw_devices xcku040_0] -filter {CELL_NAME=~"data/uut_1"}]
display_hw_ila_data [upload_hw_ila_data [get_hw_ilas -of_objects [get_hw_devices xcku040_0] -filter {CELL_NAME=~"data/uut_1"}]]
run_hw_ila [get_hw_ilas -of_objects [get_hw_devices xcku040_0] -filter {CELL_NAME=~"data/uut_1"}]
wait_on_hw_ila [get_hw_ilas -of_objects [get_hw_devices xcku040_0] -filter {CELL_NAME=~"data/uut_1"}]
display_hw_ila_data [upload_hw_ila_data [get_hw_ilas -of_objects [get_hw_devices xcku040_0] -filter {CELL_NAME=~"data/uut_1"}]]
run_hw_ila [get_hw_ilas -of_objects [get_hw_devices xcku040_0] -filter {CELL_NAME=~"data/uut_1"}]
wait_on_hw_ila [get_hw_ilas -of_objects [get_hw_devices xcku040_0] -filter {CELL_NAME=~"data/uut_1"}]
display_hw_ila_data [upload_hw_ila_data [get_hw_ilas -of_objects [get_hw_devices xcku040_0] -filter {CELL_NAME=~"data/uut_1"}]]
run_hw_ila [get_hw_ilas -of_objects [get_hw_devices xcku040_0] -filter {CELL_NAME=~"data/uut_1"}]
wait_on_hw_ila [get_hw_ilas -of_objects [get_hw_devices xcku040_0] -filter {CELL_NAME=~"data/uut_1"}]
display_hw_ila_data [upload_hw_ila_data [get_hw_ilas -of_objects [get_hw_devices xcku040_0] -filter {CELL_NAME=~"data/uut_1"}]]
run_hw_ila [get_hw_ilas -of_objects [get_hw_devices xcku040_0] -filter {CELL_NAME=~"data/adc_A_data_package/uut_3"}]
wait_on_hw_ila [get_hw_ilas -of_objects [get_hw_devices xcku040_0] -filter {CELL_NAME=~"data/adc_A_data_package/uut_3"}]
display_hw_ila_data [upload_hw_ila_data [get_hw_ilas -of_objects [get_hw_devices xcku040_0] -filter {CELL_NAME=~"data/adc_A_data_package/uut_3"}]]
run_hw_ila [get_hw_ilas -of_objects [get_hw_devices xcku040_0] -filter {CELL_NAME=~"data/adc_A_data_package/uut_3"}]
wait_on_hw_ila [get_hw_ilas -of_objects [get_hw_devices xcku040_0] -filter {CELL_NAME=~"data/adc_A_data_package/uut_3"}]
display_hw_ila_data [upload_hw_ila_data [get_hw_ilas -of_objects [get_hw_devices xcku040_0] -filter {CELL_NAME=~"data/adc_A_data_package/uut_3"}]]
run_hw_ila [get_hw_ilas -of_objects [get_hw_devices xcku040_0] -filter {CELL_NAME=~"data/uut_1"}]
wait_on_hw_ila [get_hw_ilas -of_objects [get_hw_devices xcku040_0] -filter {CELL_NAME=~"data/uut_1"}]
display_hw_ila_data [upload_hw_ila_data [get_hw_ilas -of_objects [get_hw_devices xcku040_0] -filter {CELL_NAME=~"data/uut_1"}]]
run_hw_ila [get_hw_ilas -of_objects [get_hw_devices xcku040_0] -filter {CELL_NAME=~"data/adc_A_data_package/uut_3"}]
wait_on_hw_ila [get_hw_ilas -of_objects [get_hw_devices xcku040_0] -filter {CELL_NAME=~"data/adc_A_data_package/uut_3"}]
display_hw_ila_data [upload_hw_ila_data [get_hw_ilas -of_objects [get_hw_devices xcku040_0] -filter {CELL_NAME=~"data/adc_A_data_package/uut_3"}]]
run_hw_ila [get_hw_ilas -of_objects [get_hw_devices xcku040_0] -filter {CELL_NAME=~"data/uut_1"}]
wait_on_hw_ila [get_hw_ilas -of_objects [get_hw_devices xcku040_0] -filter {CELL_NAME=~"data/uut_1"}]
display_hw_ila_data [upload_hw_ila_data [get_hw_ilas -of_objects [get_hw_devices xcku040_0] -filter {CELL_NAME=~"data/uut_1"}]]
run_hw_ila [get_hw_ilas -of_objects [get_hw_devices xcku040_0] -filter {CELL_NAME=~"data/uut_1"}]
wait_on_hw_ila [get_hw_ilas -of_objects [get_hw_devices xcku040_0] -filter {CELL_NAME=~"data/uut_1"}]
display_hw_ila_data [upload_hw_ila_data [get_hw_ilas -of_objects [get_hw_devices xcku040_0] -filter {CELL_NAME=~"data/uut_1"}]]
run_hw_ila [get_hw_ilas -of_objects [get_hw_devices xcku040_0] -filter {CELL_NAME=~"data/uut_1"}]
wait_on_hw_ila [get_hw_ilas -of_objects [get_hw_devices xcku040_0] -filter {CELL_NAME=~"data/uut_1"}]
display_hw_ila_data [upload_hw_ila_data [get_hw_ilas -of_objects [get_hw_devices xcku040_0] -filter {CELL_NAME=~"data/uut_1"}]]
run_hw_ila [get_hw_ilas -of_objects [get_hw_devices xcku040_0] -filter {CELL_NAME=~"data/adc_A_data_package/uut_3"}]
wait_on_hw_ila [get_hw_ilas -of_objects [get_hw_devices xcku040_0] -filter {CELL_NAME=~"data/adc_A_data_package/uut_3"}]
display_hw_ila_data [upload_hw_ila_data [get_hw_ilas -of_objects [get_hw_devices xcku040_0] -filter {CELL_NAME=~"data/adc_A_data_package/uut_3"}]]
run_hw_ila [get_hw_ilas -of_objects [get_hw_devices xcku040_0] -filter {CELL_NAME=~"data/adc_A_data_package/uut_3"}]
wait_on_hw_ila [get_hw_ilas -of_objects [get_hw_devices xcku040_0] -filter {CELL_NAME=~"data/adc_A_data_package/uut_3"}]
display_hw_ila_data [upload_hw_ila_data [get_hw_ilas -of_objects [get_hw_devices xcku040_0] -filter {CELL_NAME=~"data/adc_A_data_package/uut_3"}]]
run_hw_ila [get_hw_ilas -of_objects [get_hw_devices xcku040_0] -filter {CELL_NAME=~"data/adc_A_data_package/uut_3"}]
wait_on_hw_ila [get_hw_ilas -of_objects [get_hw_devices xcku040_0] -filter {CELL_NAME=~"data/adc_A_data_package/uut_3"}]
display_hw_ila_data [upload_hw_ila_data [get_hw_ilas -of_objects [get_hw_devices xcku040_0] -filter {CELL_NAME=~"data/adc_A_data_package/uut_3"}]]
run_hw_ila [get_hw_ilas -of_objects [get_hw_devices xcku040_0] -filter {CELL_NAME=~"data/adc_A_data_package/uut_3"}]
wait_on_hw_ila [get_hw_ilas -of_objects [get_hw_devices xcku040_0] -filter {CELL_NAME=~"data/adc_A_data_package/uut_3"}]
display_hw_ila_data [upload_hw_ila_data [get_hw_ilas -of_objects [get_hw_devices xcku040_0] -filter {CELL_NAME=~"data/adc_A_data_package/uut_3"}]]
run_hw_ila [get_hw_ilas -of_objects [get_hw_devices xcku040_0] -filter {CELL_NAME=~"data/uut_1"}]
wait_on_hw_ila [get_hw_ilas -of_objects [get_hw_devices xcku040_0] -filter {CELL_NAME=~"data/uut_1"}]
display_hw_ila_data [upload_hw_ila_data [get_hw_ilas -of_objects [get_hw_devices xcku040_0] -filter {CELL_NAME=~"data/uut_1"}]]
run_hw_ila [get_hw_ilas -of_objects [get_hw_devices xcku040_0] -filter {CELL_NAME=~"data/adc_A_data_package/uut_3"}]
wait_on_hw_ila [get_hw_ilas -of_objects [get_hw_devices xcku040_0] -filter {CELL_NAME=~"data/adc_A_data_package/uut_3"}]
display_hw_ila_data [upload_hw_ila_data [get_hw_ilas -of_objects [get_hw_devices xcku040_0] -filter {CELL_NAME=~"data/adc_A_data_package/uut_3"}]]
run_hw_ila [get_hw_ilas -of_objects [get_hw_devices xcku040_0] -filter {CELL_NAME=~"data/uut_1"}]
wait_on_hw_ila [get_hw_ilas -of_objects [get_hw_devices xcku040_0] -filter {CELL_NAME=~"data/uut_1"}]
display_hw_ila_data [upload_hw_ila_data [get_hw_ilas -of_objects [get_hw_devices xcku040_0] -filter {CELL_NAME=~"data/uut_1"}]]
run_hw_ila [get_hw_ilas -of_objects [get_hw_devices xcku040_0] -filter {CELL_NAME=~"data/uut_1"}]
wait_on_hw_ila [get_hw_ilas -of_objects [get_hw_devices xcku040_0] -filter {CELL_NAME=~"data/uut_1"}]
display_hw_ila_data [upload_hw_ila_data [get_hw_ilas -of_objects [get_hw_devices xcku040_0] -filter {CELL_NAME=~"data/uut_1"}]]
run_hw_ila [get_hw_ilas -of_objects [get_hw_devices xcku040_0] -filter {CELL_NAME=~"data/adc_A_data_package/uut_3"}]
wait_on_hw_ila [get_hw_ilas -of_objects [get_hw_devices xcku040_0] -filter {CELL_NAME=~"data/adc_A_data_package/uut_3"}]
display_hw_ila_data [upload_hw_ila_data [get_hw_ilas -of_objects [get_hw_devices xcku040_0] -filter {CELL_NAME=~"data/adc_A_data_package/uut_3"}]]
run_hw_ila [get_hw_ilas -of_objects [get_hw_devices xcku040_0] -filter {CELL_NAME=~"data/adc_A_data_package/uut_3"}]
wait_on_hw_ila [get_hw_ilas -of_objects [get_hw_devices xcku040_0] -filter {CELL_NAME=~"data/adc_A_data_package/uut_3"}]
display_hw_ila_data [upload_hw_ila_data [get_hw_ilas -of_objects [get_hw_devices xcku040_0] -filter {CELL_NAME=~"data/adc_A_data_package/uut_3"}]]
run_hw_ila [get_hw_ilas -of_objects [get_hw_devices xcku040_0] -filter {CELL_NAME=~"data/uut_1"}]
wait_on_hw_ila [get_hw_ilas -of_objects [get_hw_devices xcku040_0] -filter {CELL_NAME=~"data/uut_1"}]
display_hw_ila_data [upload_hw_ila_data [get_hw_ilas -of_objects [get_hw_devices xcku040_0] -filter {CELL_NAME=~"data/uut_1"}]]
set_property -dict [list CONFIG.C_PROBE15_WIDTH {10} CONFIG.C_NUM_OF_PROBES {16}] [get_ips ila_1]
generate_target all [get_files  C:/Users/DELL/Desktop/CW4.team/adc_8channel/adc_8channel.srcs/sources_1/ip/ila_1/ila_1.xci]
catch { config_ip_cache -export [get_ips -all ila_1] }
export_ip_user_files -of_objects [get_files C:/Users/DELL/Desktop/CW4.team/adc_8channel/adc_8channel.srcs/sources_1/ip/ila_1/ila_1.xci] -no_script -sync -force -quiet
reset_run ila_1_synth_1
launch_runs -jobs 22 ila_1_synth_1
export_simulation -of_objects [get_files C:/Users/DELL/Desktop/CW4.team/adc_8channel/adc_8channel.srcs/sources_1/ip/ila_1/ila_1.xci] -directory C:/Users/DELL/Desktop/CW4.team/adc_8channel/adc_8channel.ip_user_files/sim_scripts -ip_user_files_dir C:/Users/DELL/Desktop/CW4.team/adc_8channel/adc_8channel.ip_user_files -ipstatic_source_dir C:/Users/DELL/Desktop/CW4.team/adc_8channel/adc_8channel.ip_user_files/ipstatic -lib_map_path [list {modelsim=C:/Users/DELL/Desktop/CW4.team/adc_8channel/adc_8channel.cache/compile_simlib/modelsim} {questa=C:/Users/DELL/Desktop/CW4.team/adc_8channel/adc_8channel.cache/compile_simlib/questa} {riviera=C:/Users/DELL/Desktop/CW4.team/adc_8channel/adc_8channel.cache/compile_simlib/riviera} {activehdl=C:/Users/DELL/Desktop/CW4.team/adc_8channel/adc_8channel.cache/compile_simlib/activehdl}] -use_ip_compiled_libs -force -quiet
reset_run synth_1
launch_runs impl_1 -to_step write_bitstream -jobs 22
wait_on_run impl_1
add_wave -into {hw_ila_data_17.wcfg} -radix hex { {data/cnt_ch} }
reset_run impl_1
reset_run synth_1
launch_runs impl_1 -to_step write_bitstream -jobs 22
wait_on_run impl_1
